###############################################################################
#
# IAR ELF Linker V8.32.1.169/W32 for ARM                  23/Dec/2019  16:33:55
# Copyright 2007-2018 IAR Systems AB.
#
#    Output file  =  E:\EnvMon\SOA_bin\APP\Project\Debug\Exe\envMonApp.out
#    Map file     =  E:\EnvMon\SOA_bin\APP\Project\Debug\List\envMonApp.map
#    Command line =  
#        -f C:\Users\ADMINI~1\AppData\Local\Temp\EW5134.tmp
#        (E:\EnvMon\SOA_bin\APP\Project\Debug\Obj\altcp.o
#        E:\EnvMon\SOA_bin\APP\Project\Debug\Obj\altcp_alloc.o
#        E:\EnvMon\SOA_bin\APP\Project\Debug\Obj\altcp_tcp.o
#        E:\EnvMon\SOA_bin\APP\Project\Debug\Obj\api_lib.o
#        E:\EnvMon\SOA_bin\APP\Project\Debug\Obj\api_msg.o
#        E:\EnvMon\SOA_bin\APP\Project\Debug\Obj\autoip.o
#        E:\EnvMon\SOA_bin\APP\Project\Debug\Obj\bsp_clk.o
#        E:\EnvMon\SOA_bin\APP\Project\Debug\Obj\bsp_cpu.o
#        E:\EnvMon\SOA_bin\APP\Project\Debug\Obj\bsp_led.o
#        E:\EnvMon\SOA_bin\APP\Project\Debug\Obj\bsp_os.o
#        E:\EnvMon\SOA_bin\APP\Project\Debug\Obj\clk.o
#        E:\EnvMon\SOA_bin\APP\Project\Debug\Obj\clk_os.o
#        E:\EnvMon\SOA_bin\APP\Project\Debug\Obj\cmd_api_msg.o
#        E:\EnvMon\SOA_bin\APP\Project\Debug\Obj\com_shell.o
#        E:\EnvMon\SOA_bin\APP\Project\Debug\Obj\cpu_a.o
#        E:\EnvMon\SOA_bin\APP\Project\Debug\Obj\cpu_c.o
#        E:\EnvMon\SOA_bin\APP\Project\Debug\Obj\cpu_core.o
#        E:\EnvMon\SOA_bin\APP\Project\Debug\Obj\CRC16_IBM.o
#        E:\EnvMon\SOA_bin\APP\Project\Debug\Obj\CRC32_IEEE.o
#        E:\EnvMon\SOA_bin\APP\Project\Debug\Obj\CRC8_CCITT.o
#        E:\EnvMon\SOA_bin\APP\Project\Debug\Obj\DA_service.o
#        E:\EnvMon\SOA_bin\APP\Project\Debug\Obj\data_service.o
#        E:\EnvMon\SOA_bin\APP\Project\Debug\Obj\def.o
#        E:\EnvMon\SOA_bin\APP\Project\Debug\Obj\delay.o
#        E:\EnvMon\SOA_bin\APP\Project\Debug\Obj\dhcp.o
#        E:\EnvMon\SOA_bin\APP\Project\Debug\Obj\dhcp6.o
#        E:\EnvMon\SOA_bin\APP\Project\Debug\Obj\dm9000.o
#        E:\EnvMon\SOA_bin\APP\Project\Debug\Obj\dns.o
#        E:\EnvMon\SOA_bin\APP\Project\Debug\Obj\err.o
#        E:\EnvMon\SOA_bin\APP\Project\Debug\Obj\etharp.o
#        E:\EnvMon\SOA_bin\APP\Project\Debug\Obj\ethernet.o
#        E:\EnvMon\SOA_bin\APP\Project\Debug\Obj\ethernetif.o
#        E:\EnvMon\SOA_bin\APP\Project\Debug\Obj\ethip6.o
#        E:\EnvMon\SOA_bin\APP\Project\Debug\Obj\event_service.o
#        E:\EnvMon\SOA_bin\APP\Project\Debug\Obj\format.o
#        E:\EnvMon\SOA_bin\APP\Project\Debug\Obj\heartbeat_service.o
#        E:\EnvMon\SOA_bin\APP\Project\Debug\Obj\hl_malloc.o
#        E:\EnvMon\SOA_bin\APP\Project\Debug\Obj\hl_msgdeal.o
#        E:\EnvMon\SOA_bin\APP\Project\Debug\Obj\hl_packet.o
#        E:\EnvMon\SOA_bin\APP\Project\Debug\Obj\icmp.o
#        E:\EnvMon\SOA_bin\APP\Project\Debug\Obj\icmp6.o
#        E:\EnvMon\SOA_bin\APP\Project\Debug\Obj\if_api.o
#        E:\EnvMon\SOA_bin\APP\Project\Debug\Obj\igmp.o
#        E:\EnvMon\SOA_bin\APP\Project\Debug\Obj\inet6.o
#        E:\EnvMon\SOA_bin\APP\Project\Debug\Obj\inet_chksum.o
#        E:\EnvMon\SOA_bin\APP\Project\Debug\Obj\init.o
#        E:\EnvMon\SOA_bin\APP\Project\Debug\Obj\ip.o
#        E:\EnvMon\SOA_bin\APP\Project\Debug\Obj\ip4.o
#        E:\EnvMon\SOA_bin\APP\Project\Debug\Obj\ip4_addr.o
#        E:\EnvMon\SOA_bin\APP\Project\Debug\Obj\ip4_frag.o
#        E:\EnvMon\SOA_bin\APP\Project\Debug\Obj\ip6.o
#        E:\EnvMon\SOA_bin\APP\Project\Debug\Obj\ip6_addr.o
#        E:\EnvMon\SOA_bin\APP\Project\Debug\Obj\ip6_frag.o
#        E:\EnvMon\SOA_bin\APP\Project\Debug\Obj\lib_ascii.o
#        E:\EnvMon\SOA_bin\APP\Project\Debug\Obj\lib_math.o
#        E:\EnvMon\SOA_bin\APP\Project\Debug\Obj\lib_mem.o
#        E:\EnvMon\SOA_bin\APP\Project\Debug\Obj\lib_str.o
#        E:\EnvMon\SOA_bin\APP\Project\Debug\Obj\log.o
#        E:\EnvMon\SOA_bin\APP\Project\Debug\Obj\lwip.o
#        E:\EnvMon\SOA_bin\APP\Project\Debug\Obj\main.o
#        E:\EnvMon\SOA_bin\APP\Project\Debug\Obj\mem.o
#        E:\EnvMon\SOA_bin\APP\Project\Debug\Obj\memp.o
#        E:\EnvMon\SOA_bin\APP\Project\Debug\Obj\mld6.o
#        E:\EnvMon\SOA_bin\APP\Project\Debug\Obj\nd6.o
#        E:\EnvMon\SOA_bin\APP\Project\Debug\Obj\net_service.o
#        E:\EnvMon\SOA_bin\APP\Project\Debug\Obj\netbuf.o
#        E:\EnvMon\SOA_bin\APP\Project\Debug\Obj\netdb.o
#        E:\EnvMon\SOA_bin\APP\Project\Debug\Obj\netif.o
#        E:\EnvMon\SOA_bin\APP\Project\Debug\Obj\netifapi.o
#        E:\EnvMon\SOA_bin\APP\Project\Debug\Obj\os_app_hooks.o
#        E:\EnvMon\SOA_bin\APP\Project\Debug\Obj\os_cfg_app.o
#        E:\EnvMon\SOA_bin\APP\Project\Debug\Obj\os_core.o
#        E:\EnvMon\SOA_bin\APP\Project\Debug\Obj\os_cpu_a.o
#        E:\EnvMon\SOA_bin\APP\Project\Debug\Obj\os_cpu_c.o
#        E:\EnvMon\SOA_bin\APP\Project\Debug\Obj\os_dbg.o
#        E:\EnvMon\SOA_bin\APP\Project\Debug\Obj\os_flag.o
#        E:\EnvMon\SOA_bin\APP\Project\Debug\Obj\os_mem.o
#        E:\EnvMon\SOA_bin\APP\Project\Debug\Obj\os_msg.o
#        E:\EnvMon\SOA_bin\APP\Project\Debug\Obj\os_mutex.o
#        E:\EnvMon\SOA_bin\APP\Project\Debug\Obj\os_prio.o
#        E:\EnvMon\SOA_bin\APP\Project\Debug\Obj\os_q.o
#        E:\EnvMon\SOA_bin\APP\Project\Debug\Obj\os_sem.o
#        E:\EnvMon\SOA_bin\APP\Project\Debug\Obj\os_stat.o
#        E:\EnvMon\SOA_bin\APP\Project\Debug\Obj\os_task.o
#        E:\EnvMon\SOA_bin\APP\Project\Debug\Obj\os_tick.o
#        E:\EnvMon\SOA_bin\APP\Project\Debug\Obj\os_time.o
#        E:\EnvMon\SOA_bin\APP\Project\Debug\Obj\os_tmr.o
#        E:\EnvMon\SOA_bin\APP\Project\Debug\Obj\os_var.o
#        E:\EnvMon\SOA_bin\APP\Project\Debug\Obj\pbuf.o
#        E:\EnvMon\SOA_bin\APP\Project\Debug\Obj\printf-stdarg.o
#        E:\EnvMon\SOA_bin\APP\Project\Debug\Obj\queue.o
#        E:\EnvMon\SOA_bin\APP\Project\Debug\Obj\raw.o
#        E:\EnvMon\SOA_bin\APP\Project\Debug\Obj\register_service.o
#        E:\EnvMon\SOA_bin\APP\Project\Debug\Obj\sds.o
#        E:\EnvMon\SOA_bin\APP\Project\Debug\Obj\sds_port.o
#        E:\EnvMon\SOA_bin\APP\Project\Debug\Obj\sds_table.o
#        E:\EnvMon\SOA_bin\APP\Project\Debug\Obj\service_shell.o
#        E:\EnvMon\SOA_bin\APP\Project\Debug\Obj\sFlash.o
#        E:\EnvMon\SOA_bin\APP\Project\Debug\Obj\sFlash_port.o
#        E:\EnvMon\SOA_bin\APP\Project\Debug\Obj\shell.o
#        E:\EnvMon\SOA_bin\APP\Project\Debug\Obj\shell_call.o
#        E:\EnvMon\SOA_bin\APP\Project\Debug\Obj\sockets.o
#        E:\EnvMon\SOA_bin\APP\Project\Debug\Obj\startup_stm32f103xe.o
#        E:\EnvMon\SOA_bin\APP\Project\Debug\Obj\stats.o
#        E:\EnvMon\SOA_bin\APP\Project\Debug\Obj\stm32f1xx_hal.o
#        E:\EnvMon\SOA_bin\APP\Project\Debug\Obj\stm32f1xx_hal_adc.o
#        E:\EnvMon\SOA_bin\APP\Project\Debug\Obj\stm32f1xx_hal_adc_ex.o
#        E:\EnvMon\SOA_bin\APP\Project\Debug\Obj\stm32f1xx_hal_can.o
#        E:\EnvMon\SOA_bin\APP\Project\Debug\Obj\stm32f1xx_hal_cec.o
#        E:\EnvMon\SOA_bin\APP\Project\Debug\Obj\stm32f1xx_hal_cortex.o
#        E:\EnvMon\SOA_bin\APP\Project\Debug\Obj\stm32f1xx_hal_crc.o
#        E:\EnvMon\SOA_bin\APP\Project\Debug\Obj\stm32f1xx_hal_dac.o
#        E:\EnvMon\SOA_bin\APP\Project\Debug\Obj\stm32f1xx_hal_dac_ex.o
#        E:\EnvMon\SOA_bin\APP\Project\Debug\Obj\stm32f1xx_hal_dma.o
#        E:\EnvMon\SOA_bin\APP\Project\Debug\Obj\stm32f1xx_hal_eth.o
#        E:\EnvMon\SOA_bin\APP\Project\Debug\Obj\stm32f1xx_hal_flash.o
#        E:\EnvMon\SOA_bin\APP\Project\Debug\Obj\stm32f1xx_hal_flash_ex.o
#        E:\EnvMon\SOA_bin\APP\Project\Debug\Obj\stm32f1xx_hal_gpio.o
#        E:\EnvMon\SOA_bin\APP\Project\Debug\Obj\stm32f1xx_hal_gpio_ex.o
#        E:\EnvMon\SOA_bin\APP\Project\Debug\Obj\stm32f1xx_hal_hcd.o
#        E:\EnvMon\SOA_bin\APP\Project\Debug\Obj\stm32f1xx_hal_i2c.o
#        E:\EnvMon\SOA_bin\APP\Project\Debug\Obj\stm32f1xx_hal_i2s.o
#        E:\EnvMon\SOA_bin\APP\Project\Debug\Obj\stm32f1xx_hal_irda.o
#        E:\EnvMon\SOA_bin\APP\Project\Debug\Obj\stm32f1xx_hal_iwdg.o
#        E:\EnvMon\SOA_bin\APP\Project\Debug\Obj\stm32f1xx_hal_mmc.o
#        E:\EnvMon\SOA_bin\APP\Project\Debug\Obj\stm32f1xx_hal_nand.o
#        E:\EnvMon\SOA_bin\APP\Project\Debug\Obj\stm32f1xx_hal_nor.o
#        E:\EnvMon\SOA_bin\APP\Project\Debug\Obj\stm32f1xx_hal_pccard.o
#        E:\EnvMon\SOA_bin\APP\Project\Debug\Obj\stm32f1xx_hal_pcd.o
#        E:\EnvMon\SOA_bin\APP\Project\Debug\Obj\stm32f1xx_hal_pcd_ex.o
#        E:\EnvMon\SOA_bin\APP\Project\Debug\Obj\stm32f1xx_hal_pwr.o
#        E:\EnvMon\SOA_bin\APP\Project\Debug\Obj\stm32f1xx_hal_rcc.o
#        E:\EnvMon\SOA_bin\APP\Project\Debug\Obj\stm32f1xx_hal_rcc_ex.o
#        E:\EnvMon\SOA_bin\APP\Project\Debug\Obj\stm32f1xx_hal_rtc.o
#        E:\EnvMon\SOA_bin\APP\Project\Debug\Obj\stm32f1xx_hal_rtc_ex.o
#        E:\EnvMon\SOA_bin\APP\Project\Debug\Obj\stm32f1xx_hal_sd.o
#        E:\EnvMon\SOA_bin\APP\Project\Debug\Obj\stm32f1xx_hal_smartcard.o
#        E:\EnvMon\SOA_bin\APP\Project\Debug\Obj\stm32f1xx_hal_spi.o
#        E:\EnvMon\SOA_bin\APP\Project\Debug\Obj\stm32f1xx_hal_spi_ex.o
#        E:\EnvMon\SOA_bin\APP\Project\Debug\Obj\stm32f1xx_hal_sram.o
#        E:\EnvMon\SOA_bin\APP\Project\Debug\Obj\stm32f1xx_hal_tim.o
#        E:\EnvMon\SOA_bin\APP\Project\Debug\Obj\stm32f1xx_hal_tim_ex.o
#        E:\EnvMon\SOA_bin\APP\Project\Debug\Obj\stm32f1xx_hal_uart.o
#        E:\EnvMon\SOA_bin\APP\Project\Debug\Obj\stm32f1xx_hal_usart.o
#        E:\EnvMon\SOA_bin\APP\Project\Debug\Obj\stm32f1xx_hal_wwdg.o
#        E:\EnvMon\SOA_bin\APP\Project\Debug\Obj\stm32f1xx_ll_adc.o
#        E:\EnvMon\SOA_bin\APP\Project\Debug\Obj\stm32f1xx_ll_crc.o
#        E:\EnvMon\SOA_bin\APP\Project\Debug\Obj\stm32f1xx_ll_dac.o
#        E:\EnvMon\SOA_bin\APP\Project\Debug\Obj\stm32f1xx_ll_dma.o
#        E:\EnvMon\SOA_bin\APP\Project\Debug\Obj\stm32f1xx_ll_exti.o
#        E:\EnvMon\SOA_bin\APP\Project\Debug\Obj\stm32f1xx_ll_fsmc.o
#        E:\EnvMon\SOA_bin\APP\Project\Debug\Obj\stm32f1xx_ll_gpio.o
#        E:\EnvMon\SOA_bin\APP\Project\Debug\Obj\stm32f1xx_ll_i2c.o
#        E:\EnvMon\SOA_bin\APP\Project\Debug\Obj\stm32f1xx_ll_pwr.o
#        E:\EnvMon\SOA_bin\APP\Project\Debug\Obj\stm32f1xx_ll_rcc.o
#        E:\EnvMon\SOA_bin\APP\Project\Debug\Obj\stm32f1xx_ll_rtc.o
#        E:\EnvMon\SOA_bin\APP\Project\Debug\Obj\stm32f1xx_ll_sdmmc.o
#        E:\EnvMon\SOA_bin\APP\Project\Debug\Obj\stm32f1xx_ll_spi.o
#        E:\EnvMon\SOA_bin\APP\Project\Debug\Obj\stm32f1xx_ll_tim.o
#        E:\EnvMon\SOA_bin\APP\Project\Debug\Obj\stm32f1xx_ll_usart.o
#        E:\EnvMon\SOA_bin\APP\Project\Debug\Obj\stm32f1xx_ll_usb.o
#        E:\EnvMon\SOA_bin\APP\Project\Debug\Obj\stm32f1xx_ll_utils.o
#        E:\EnvMon\SOA_bin\APP\Project\Debug\Obj\supervision_service.o
#        E:\EnvMon\SOA_bin\APP\Project\Debug\Obj\sys.o
#        E:\EnvMon\SOA_bin\APP\Project\Debug\Obj\sys_arch.o
#        E:\EnvMon\SOA_bin\APP\Project\Debug\Obj\system_stm32f1xx.o
#        E:\EnvMon\SOA_bin\APP\Project\Debug\Obj\tcp.o
#        E:\EnvMon\SOA_bin\APP\Project\Debug\Obj\tcp_in.o
#        E:\EnvMon\SOA_bin\APP\Project\Debug\Obj\tcp_out.o
#        E:\EnvMon\SOA_bin\APP\Project\Debug\Obj\tcp_service.o
#        E:\EnvMon\SOA_bin\APP\Project\Debug\Obj\tcpip.o
#        E:\EnvMon\SOA_bin\APP\Project\Debug\Obj\timeouts.o
#        E:\EnvMon\SOA_bin\APP\Project\Debug\Obj\udp.o
#        E:\EnvMon\SOA_bin\APP\Project\Debug\Obj\udp_service.o
#        E:\EnvMon\SOA_bin\APP\Project\Debug\Obj\update_service.o
#        --no_out_extension -o
#        E:\EnvMon\SOA_bin\APP\Project\Debug\Exe\envMonApp.out --strip --map
#        E:\EnvMon\SOA_bin\APP\Project\Debug\List\envMonApp.map --config
#        E:\EnvMon\SOA_bin\APP\Project\..\SOA\CMSIS\Device\ST\STM32F1xx\Source\Templates\iar\linker\stm32f103xe_flash.icf
#        --semihosting --entry __iar_program_start --vfe --text_out locale)
#
###############################################################################

*******************************************************************************
*** RUNTIME MODEL ATTRIBUTES
***

CppFlavor       = *
__SystemLibrary = DLib
__dlib_version  = 6


*******************************************************************************
*** HEAP SELECTION
***

The basic heap was selected because no calls to memory allocation
functions were found in the application outside of system library
functions, and there are calls to deallocation functions in the
application.


*******************************************************************************
*** PLACEMENT SUMMARY
***

"A0":  place at 0x800'8800 { ro section .intvec };
"P1":  place in [from 0x800'8800 to 0x807'ffff] { ro };
define block CSTACK with size = 2K, alignment = 8 { };
define block HEAP with size = 1536, alignment = 8 { };
"P2":  place in [from 0x2000'0000 to 0x2000'ffff] {
          rw, block CSTACK, block HEAP };
initialize by copy { rw };

  Section            Kind         Address     Size  Object
  -------            ----         -------     ----  ------
"A0":                                        0x130
  .intvec            ro code   0x800'8800    0x130  startup_stm32f103xe.o [1]
                             - 0x800'8930    0x130

"P1":                                      0x26317
  .text              ro code   0x800'8930   0x1ea8  tcp_out.o [1]
  .text              ro code   0x800'a7d8    0x928  netif.o [1]
  .text              ro code   0x800'b100    0x7d8  ip4.o [1]
  .text              ro code   0x800'b8d8    0x4e8  printf-stdarg.o [1]
  .text              ro code   0x800'bdc0    0x16c  memp.o [1]
  .text              ro code   0x800'bf2c    0xa00  pbuf.o [1]
  .text              ro code   0x800'c92c   0x16fc  tcp.o [1]
  .text              ro code   0x800'e028     0x2c  def.o [1]
  .text              ro code   0x800'e054    0x396  inet_chksum.o [1]
  .text              ro code   0x800'e3ea     0x7a  lz77_init_single.o [4]
  .text              ro code   0x800'e464     0x66  ABImemset.o [4]
  .text              ro code   0x800'e4ca     0x3a  zero_init3.o [4]
  .text              ro code   0x800'e504    0x4a4  igmp.o [1]
  .text              ro code   0x800'e9a8    0xac0  udp.o [1]
  .text              ro code   0x800'f468    0x238  ethernetif.o [1]
  .text              ro code   0x800'f6a0    0xc64  etharp.o [1]
  CODE               ro code   0x801'0304     0x54  cpu_a.o [1]
  .text              ro code   0x801'0358    0x2e4  tcpip.o [1]
  .text              ro code   0x801'063c     0x50  ip4_addr.o [1]
  .text              ro code   0x801'068c    0xb24  ip4_frag.o [1]
  .text              ro code   0x801'11b0   0x1de4  tcp_in.o [1]
  .text              ro code   0x801'2f94    0x464  icmp.o [1]
  .text              ro code   0x801'33f8     0xa6  ABImemcpy.o [4]
  .rodata            const     0x801'349e      0x2  os_cfg_app.o [1]
  .text              ro code   0x801'34a0    0x8d6  stm32f1xx_hal_uart.o [1]
  .rodata            const     0x801'3d76      0x2  os_dbg.o [1]
  .text              ro code   0x801'3d78    0x6d8  mem.o [1]
  .text              ro code   0x801'4450     0xa4  rand.o [2]
  .text              ro code   0x801'44f4    0x25c  timeouts.o [1]
  .text              ro code   0x801'4750     0x44  CRC16_IBM.o [1]
  .text              ro code   0x801'4794    0x4cc  os_sem.o [1]
  .text              ro code   0x801'4c60     0x24  ABIassert.o [5]
  .text              ro code   0x801'4c84    0x516  os_mutex.o [1]
  .rodata            const     0x801'519a      0x2  os_dbg.o [1]
  .text              ro code   0x801'519c    0x93c  os_task.o [1]
  .text              ro code   0x801'5ad8    0xae0  dm9000.o [1]
  .text              ro code   0x801'65b8     0x5c  bsp_os.o [1]
  .text              ro code   0x801'6614    0x19c  ethernet.o [1]
  .text              ro code   0x801'67b0    0x43c  sys_arch.o [1]
  .text              ro code   0x801'6bec     0x50  init.o [1]
  .text              ro code   0x801'6c3c    0x71c  stm32f1xx_hal_dma.o [1]
  .text              ro code   0x801'7358      0x2  stm32f1xx_hal_uart.o [1]
  .text              ro code   0x801'735a      0x2  stm32f1xx_hal_uart.o [1]
  .text              ro code   0x801'735c      0x2  stm32f1xx_hal_uart.o [1]
  .text              ro code   0x801'735e      0x2  stm32f1xx_hal_uart.o [1]
  .text              ro code   0x801'7360      0x2  stm32f1xx_hal_uart.o [1]
  .rodata            const     0x801'7362      0x2  os_dbg.o [1]
  .text              ro code   0x801'7364    0x65c  stm32f1xx_hal_rcc.o [1]
  .text              ro code   0x801'79c0    0x950  os_core.o [1]
  .text              ro code   0x801'8310     0x58  bsp_cpu.o [1]
  .text              ro code   0x801'8368      0x6  abort.o [2]
  .rodata            const     0x801'836e      0x2  os_dbg.o [1]
  .text              ro code   0x801'8370     0x9c  os_prio.o [1]
  .text              ro code   0x801'840c    0x20c  os_cpu_c.o [1]
  .text              ro code   0x801'8618    0x208  os_msg.o [1]
  .text              ro code   0x801'8820    0x37c  os_tick.o [1]
  .text              ro code   0x801'8b9c    0x2a0  stm32f1xx_hal_gpio.o [1]
  .text              ro code   0x801'8e3c    0x128  stm32f1xx_hal_cortex.o [1]
  .text              ro code   0x801'8f64     0x5c  stm32f1xx_hal_sram.o [1]
  .text              ro code   0x801'8fc0     0xdc  delay.o [1]
  .text              ro code   0x801'909c    0x158  log.o [1]
  .text              ro code   0x801'91f4     0xbc  bsp_clk.o [1]
  .text              ro code   0x801'92b0    0x278  os_time.o [1]
  .text              ro code   0x801'9528     0x68  memcmp.o [4]
  .text              ro code   0x801'9590    0x5a8  os_q.o [1]
  .text              ro code   0x801'9b38     0x12  strcmp.o [4]
  .rodata            const     0x801'9b4a      0x2  os_dbg.o [1]
  .text              ro code   0x801'9b4c     0x14  stats.o [1]
  .text              ro code   0x801'9b60    0x218  os_mem.o [1]
  .text              ro code   0x801'9d78    0x5b0  os_stat.o [1]
  .text              ro code   0x801'a328    0x9d8  os_tmr.o [1]
  .text              ro code   0x801'ad00    0x220  os_dbg.o [1]
  .text              ro code   0x801'af20      0x2  os_cfg_app.o [1]
  .rodata            const     0x801'af22      0x2  os_dbg.o [1]
  CODE               ro code   0x801'af24     0xfc  os_cpu_a.o [1]
  .text              ro code   0x801'b020     0x20  cpu_core.o [1]
  .text              ro code   0x801'b040     0x14  exit.o [5]
  .text              ro code   0x801'b054    0x130  stm32f1xx_ll_fsmc.o [1]
  .text              ro code   0x801'b184      0x6  ABImemclr4.o [4]
  .rodata            const     0x801'b18a      0x2  os_dbg.o [1]
  .text              ro code   0x801'b18c     0x32  ABImemset48.o [4]
  .rodata            const     0x801'b1be      0x2  os_dbg.o [1]
  .text              ro code   0x801'b1c0   0x1b98  data_service.o [1]
  .text              ro code   0x801'cd58    0x290  hl_msgdeal.o [1]
  .text              ro code   0x801'cfe8    0x228  supervision_service.o [1]
  .text              ro code   0x801'd210    0x66c  sds.o [1]
  .text              ro code   0x801'd87c     0x30  strstr.o [2]
  .text              ro code   0x801'd8ac     0x36  strlen.o [4]
  .rodata            const     0x801'd8e2      0x2  os_dbg.o [1]
  .text              ro code   0x801'd8e4    0xf18  DA_service.o [1]
  .text              ro code   0x801'e7fc    0x2d8  heartbeat_service.o [1]
  .text              ro code   0x801'ead4    0x9ac  tcp_service.o [1]
  .text              ro code   0x801'f480    0x178  lwip.o [1]
  .text              ro code   0x801'f5f8    0x67c  event_service.o [1]
  .text              ro code   0x801'fc74    0x39c  register_service.o [1]
  .text              ro code   0x802'0010    0x1b0  lib_mem.o [1]
  .text              ro code   0x802'01c0    0x91c  hl_packet.o [1]
  .text              ro code   0x802'0adc    0x35c  net_service.o [1]
  .text              ro code   0x802'0e38    0x2bc  udp_service.o [1]
  .text              ro code   0x802'10f4    0x12a  format.o [1]
  .rodata            const     0x802'121e      0x2  os_dbg.o [1]
  .text              ro code   0x802'1220    0x4c8  sFlash.o [1]
  .text              ro code   0x802'16e8    0x748  update_service.o [1]
  .text              ro code   0x802'1e30    0x138  hl_malloc.o [1]
  .text              ro code   0x802'1f68     0x5e  stm32f1xx_hal_iwdg.o [1]
  .rodata            const     0x802'1fc6      0x2  os_dbg.o [1]
  .text              ro code   0x802'1fc8     0x8c  sds_port.o [1]
  .text              ro code   0x802'2054     0x16  strchr.o [4]
  .rodata            const     0x802'206a      0x2  os_dbg.o [1]
  .text              ro code   0x802'206c     0x1a  U32ToDbl.o [3]
  .rodata            const     0x802'2086      0x2  os_dbg.o [1]
  .text              ro code   0x802'2088     0x22  S32ToDbl.o [3]
  .rodata            const     0x802'20aa      0x2  os_dbg.o [1]
  .text              ro code   0x802'20ac    0x714  pow64.o [3]
  .text              ro code   0x802'27c0    0x1a2  DblMul.o [3]
  .rodata            const     0x802'2962      0x2  os_dbg.o [1]
  .text              ro code   0x802'2964    0x17a  DblAdd.o [3]
  .rodata            const     0x802'2ade      0x2  os_dbg.o [1]
  .text              ro code   0x802'2ae0     0x28  DblToU32.o [3]
  .text              ro code   0x802'2b08    0x838  api_lib.o [1]
  .text              ro code   0x802'3340     0x3a  CRC8_CCITT.o [1]
  .rodata            const     0x802'337a      0x2  os_dbg.o [1]
  .text              ro code   0x802'337c    0x12c  netbuf.o [1]
  .text              ro code   0x802'34a8    0x244  sFlash_port.o [1]
  .text              ro code   0x802'36ec     0x20  DblCmpEq.o [3]
  .text              ro code   0x802'370c     0x70  frexp.o [3]
  .text              ro code   0x802'377c     0x2e  DblCmpLe.o [3]
  .rodata            const     0x802'37aa      0x2  os_dbg.o [1]
  .text              ro code   0x802'37ac    0x13a  ldexp.o [3]
  .rodata            const     0x802'38e6      0x2  os_dbg.o [1]
  .text              ro code   0x802'38e8     0x3a  DblToS32.o [3]
  .rodata            const     0x802'3922      0x2  os_dbg.o [1]
  .text              ro code   0x802'3924     0xe2  DblSub.o [3]
  .rodata            const     0x802'3a06      0x2  os_dbg.o [1]
  .text              ro code   0x802'3a08    0x246  DblDiv.o [3]
  .rodata            const     0x802'3c4e      0x2  sFlash.o [1]
  .text              ro code   0x802'3c50     0x2e  DblCmpGe.o [3]
  .rodata            const     0x802'3c7e      0x2  stm32f1xx_hal_rcc.o [1]
  .text              ro code   0x802'3c80    0x374  iar_Exp64.o [3]
  .text              ro code   0x802'3ff4   0x1670  api_msg.o [1]
  .text              ro code   0x802'5664     0x8a  stm32f1xx_hal_spi_ex.o [1]
  .rodata            const     0x802'56ee      0x1  api_msg.o [1]
  .rodata            const     0x802'56ef      0x1  api_msg.o [1]
  .text              ro code   0x802'56f0    0x61e  stm32f1xx_hal_spi.o [1]
  .rodata            const     0x802'5d0e      0x1  api_msg.o [1]
  .rodata            const     0x802'5d0f      0x1  api_msg.o [1]
  .text              ro code   0x802'5d10    0xe04  shell_call.o [1]
  .text              ro code   0x802'6b14    0x2c8  com_shell.o [1]
  .text              ro code   0x802'6ddc    0x14c  iar_Stoulx.o [2]
  .text              ro code   0x802'6f28     0x4c  strtok.o [2]
  .text              ro code   0x802'6f74     0x8a  queue.o [1]
  .text              ro code   0x802'6ffe     0x14  isspace.o [2]
  .text              ro code   0x802'7012     0x14  tolower.o [2]
  .rodata            const     0x802'7026      0x1  hl_packet.o [1]
  .rodata            const     0x802'7027      0x1  hl_packet.o [1]
  .text              ro code   0x802'7028     0x58  memchr.o [4]
  .text              ro code   0x802'7080     0x22  strspn.o [2]
  .text              ro code   0x802'70a2     0x22  strcspn.o [2]
  .text              ro code   0x802'70c4     0x34  xlocale_c.o [2]
  .rodata            const     0x802'70f8    0x420  pow64.o [3]
  .text              ro code   0x802'7518    0x278  service_shell.o [1]
  .text              ro code   0x802'7790    0x17c  shell.o [1]
  .text              ro code   0x802'790c    0x110  main.o [1]
  .text              ro code   0x802'7a1c     0x26  stm32f1xx_hal.o [1]
  .rodata            const     0x802'7a42      0x1  os_cfg_app.o [1]
  .rodata            const     0x802'7a43      0x1  os_cfg_app.o [1]
  .text              ro code   0x802'7a44     0x88  os_app_hooks.o [1]
  .text              ro code   0x802'7acc     0x40  bsp_led.o [1]
  .text              ro code   0x802'7b0c     0x50  clk.o [1]
  .text              ro code   0x802'7b5c     0x18  stm32f1xx_hal.o [1]
  .rodata            const     0x802'7b74    0x100  CRC8_CCITT.o [1]
  .rodata            const     0x802'7c74     0xd0  data_service.o [1]
  .rodata            const     0x802'7d44     0x60  shell_call.o [1]
  .rodata            const     0x802'7da4     0x58  dm9000.o [1]
  .rodata            const     0x802'7dfc     0x58  tcp_out.o [1]
  .text              ro code   0x802'7e54     0x58  system_stm32f1xx.o [1]
  .rodata            const     0x802'7eac     0x54  data_service.o [1]
  .rodata            const     0x802'7f00     0x54  data_service.o [1]
  .rodata            const     0x802'7f54     0x54  supervision_service.o [1]
  .rodata            const     0x802'7fa8     0x50  data_service.o [1]
  .rodata            const     0x802'7ff8     0x50  data_service.o [1]
  .rodata            const     0x802'8048     0x50  data_service.o [1]
  .rodata            const     0x802'8098     0x50  heartbeat_service.o [1]
  .rodata            const     0x802'80e8     0x50  hl_malloc.o [1]
  .rodata            const     0x802'8138     0x50  tcp_service.o [1]
  .rodata            const     0x802'8188     0x50  udp_service.o [1]
  .rodata            const     0x802'81d8     0x50  update_service.o [1]
  .rodata            const     0x802'8228     0x50  iar_Stoulx.o [2]
  .rodata            const     0x802'8278     0x4c  data_service.o [1]
  .rodata            const     0x802'82c4     0x4c  register_service.o [1]
  .rodata            const     0x802'8310     0x4c  shell_call.o [1]
  .rodata            const     0x802'835c     0x48  data_service.o [1]
  .rodata            const     0x802'83a4     0x48  data_service.o [1]
  .rodata            const     0x802'83ec     0x48  data_service.o [1]
  .rodata            const     0x802'8434     0x48  data_service.o [1]
  .rodata            const     0x802'847c     0x48  etharp.o [1]
  .rodata            const     0x802'84c4     0x48  ethernetif.o [1]
  .rodata            const     0x802'850c     0x48  event_service.o [1]
  .rodata            const     0x802'8554     0x48  heartbeat_service.o [1]
  .rodata            const     0x802'859c     0x48  hl_malloc.o [1]
  .rodata            const     0x802'85e4     0x48  inet_chksum.o [1]
  .rodata            const     0x802'862c     0x48  ip4_frag.o [1]
  .rodata            const     0x802'8674     0x48  register_service.o [1]
  .rodata            const     0x802'86bc     0x48  udp_service.o [1]
  .rodata            const     0x802'8704     0x48  update_service.o [1]
  .rodata            const     0x802'874c     0x44  DA_service.o [1]
  .rodata            const     0x802'8790     0x44  DA_service.o [1]
  .rodata            const     0x802'87d4     0x44  data_service.o [1]
  .rodata            const     0x802'8818     0x44  data_service.o [1]
  .rodata            const     0x802'885c     0x44  data_service.o [1]
  .rodata            const     0x802'88a0     0x44  data_service.o [1]
  .rodata            const     0x802'88e4     0x44  dm9000.o [1]
  .rodata            const     0x802'8928     0x44  dm9000.o [1]
  .rodata            const     0x802'896c     0x44  etharp.o [1]
  .rodata            const     0x802'89b0     0x44  ethernet.o [1]
  .rodata            const     0x802'89f4     0x44  event_service.o [1]
  .rodata            const     0x802'8a38     0x44  hl_malloc.o [1]
  .rodata            const     0x802'8a7c     0x44  icmp.o [1]
  .rodata            const     0x802'8ac0     0x44  igmp.o [1]
  .rodata            const     0x802'8b04     0x44  igmp.o [1]
  .rodata            const     0x802'8b48     0x44  init.o [1]
  .rodata            const     0x802'8b8c     0x44  ip4.o [1]
  .rodata            const     0x802'8bd0     0x44  net_service.o [1]
  .rodata            const     0x802'8c14     0x44  shell_call.o [1]
  .rodata            const     0x802'8c58     0x44  sys_arch.o [1]
  .rodata            const     0x802'8c9c     0x44  tcp_out.o [1]
  .rodata            const     0x802'8ce0     0x44  tcp_service.o [1]
  .rodata            const     0x802'8d24     0x44  tcp_service.o [1]
  .rodata            const     0x802'8d68     0x44  tcp_service.o [1]
  .rodata            const     0x802'8dac     0x44  tcp_service.o [1]
  .rodata            const     0x802'8df0     0x44  tcp_service.o [1]
  .rodata            const     0x802'8e34     0x44  timeouts.o [1]
  .rodata            const     0x802'8e78     0x44  udp_service.o [1]
  .rodata            const     0x802'8ebc     0x40  api_lib.o [1]
  .rodata            const     0x802'8efc     0x40  api_msg.o [1]
  .rodata            const     0x802'8f3c     0x40  api_msg.o [1]
  .rodata            const     0x802'8f7c     0x40  api_msg.o [1]
  .rodata            const     0x802'8fbc     0x40  DA_service.o [1]
  .rodata            const     0x802'8ffc     0x40  dm9000.o [1]
  .rodata            const     0x802'903c     0x40  dm9000.o [1]
  .rodata            const     0x802'907c     0x40  dm9000.o [1]
  .rodata            const     0x802'90bc     0x40  etharp.o [1]
  .rodata            const     0x802'90fc     0x40  heartbeat_service.o [1]
  .rodata            const     0x802'913c     0x40  hl_packet.o [1]
  .rodata            const     0x802'917c     0x40  init.o [1]
  .rodata            const     0x802'91bc     0x40  mem.o [1]
  .rodata            const     0x802'91fc     0x40  memp.o [1]
  .rodata            const     0x802'923c     0x40  netbuf.o [1]
  .rodata            const     0x802'927c     0x40  netif.o [1]
  .rodata            const     0x802'92bc     0x40  pbuf.o [1]
  .rodata            const     0x802'92fc     0x40  register_service.o [1]
  .rodata            const     0x802'933c     0x40  register_service.o [1]
  .rodata            const     0x802'937c     0x40  sFlash.o [1]
  .rodata            const     0x802'93bc     0x40  shell.o [1]
  .rodata            const     0x802'93fc     0x40  tcp.o [1]
  .rodata            const     0x802'943c     0x40  tcp_in.o [1]
  .rodata            const     0x802'947c     0x40  tcp_out.o [1]
  .rodata            const     0x802'94bc     0x40  tcp_service.o [1]
  .rodata            const     0x802'94fc     0x40  tcp_service.o [1]
  .rodata            const     0x802'953c     0x40  tcpip.o [1]
  .rodata            const     0x802'957c     0x40  timeouts.o [1]
  .rodata            const     0x802'95bc     0x40  udp.o [1]
  .rodata            const     0x802'95fc     0x40  udp_service.o [1]
  .rodata            const     0x802'963c     0x3c  api_msg.o [1]
  .rodata            const     0x802'9678     0x3c  api_msg.o [1]
  .rodata            const     0x802'96b4     0x3c  data_service.o [1]
  .rodata            const     0x802'96f0     0x3c  dm9000.o [1]
  .rodata            const     0x802'972c     0x3c  event_service.o [1]
  .rodata            const     0x802'9768     0x3c  hl_malloc.o [1]
  .rodata            const     0x802'97a4     0x3c  hl_msgdeal.o [1]
  .rodata            const     0x802'97e0     0x3c  hl_packet.o [1]
  .rodata            const     0x802'981c     0x3c  igmp.o [1]
  .rodata            const     0x802'9858     0x3c  net_service.o [1]
  .rodata            const     0x802'9894     0x3c  sFlash.o [1]
  .rodata            const     0x802'98d0     0x3c  sFlash.o [1]
  .rodata            const     0x802'990c     0x3c  sFlash_port.o [1]
  .rodata            const     0x802'9948     0x3c  shell_call.o [1]
  .rodata            const     0x802'9984     0x3c  shell_call.o [1]
  .rodata            const     0x802'99c0     0x3c  tcp_in.o [1]
  .rodata            const     0x802'99fc     0x3c  tcp_out.o [1]
  .rodata            const     0x802'9a38     0x3c  tcp_out.o [1]
  .rodata            const     0x802'9a74     0x38  DA_service.o [1]
  .rodata            const     0x802'9aac     0x38  DA_service.o [1]
  .rodata            const     0x802'9ae4     0x38  dm9000.o [1]
  .rodata            const     0x802'9b1c     0x38  dm9000.o [1]
  .rodata            const     0x802'9b54     0x38  heartbeat_service.o [1]
  .rodata            const     0x802'9b8c     0x38  icmp.o [1]
  .rodata            const     0x802'9bc4     0x38  ip4_frag.o [1]
  .rodata            const     0x802'9bfc     0x38  memp.o [1]
  .rodata            const     0x802'9c34     0x38  pbuf.o [1]
  .rodata            const     0x802'9c6c     0x38  register_service.o [1]
  .rodata            const     0x802'9ca4     0x38  sFlash.o [1]
  .rodata            const     0x802'9cdc     0x38  shell_call.o [1]
  .rodata            const     0x802'9d14     0x38  tcp.o [1]
  .rodata            const     0x802'9d4c     0x38  tcp_in.o [1]
  .rodata            const     0x802'9d84     0x38  tcp_out.o [1]
  .rodata            const     0x802'9dbc     0x38  tcp_out.o [1]
  .rodata            const     0x802'9df4     0x38  timeouts.o [1]
  .rodata            const     0x802'9e2c     0x38  update_service.o [1]
  .rodata            const     0x802'9e64     0x34  DA_service.o [1]
  .rodata            const     0x802'9e98     0x34  etharp.o [1]
  .rodata            const     0x802'9ecc     0x34  ethernet.o [1]
  .rodata            const     0x802'9f00     0x34  icmp.o [1]
  .rodata            const     0x802'9f34     0x34  igmp.o [1]
  .rodata            const     0x802'9f68     0x34  net_service.o [1]
  .rodata            const     0x802'9f9c     0x34  net_service.o [1]
  .rodata            const     0x802'9fd0     0x34  pbuf.o [1]
  .rodata            const     0x802'a004     0x34  shell_call.o [1]
  .rodata            const     0x802'a038     0x34  tcp.o [1]
  .rodata            const     0x802'a06c     0x34  tcp.o [1]
  .rodata            const     0x802'a0a0     0x34  tcp.o [1]
  .rodata            const     0x802'a0d4     0x34  tcp_out.o [1]
  .rodata            const     0x802'a108     0x34  tcp_out.o [1]
  .rodata            const     0x802'a13c     0x34  tcp_out.o [1]
  .rodata            const     0x802'a170     0x34  tcp_out.o [1]
  .rodata            const     0x802'a1a4     0x34  update_service.o [1]
  .rodata            const     0x802'a1d8     0x30  api_msg.o [1]
  .rodata            const     0x802'a208     0x30  dm9000.o [1]
  .rodata            const     0x802'a238     0x30  etharp.o [1]
  .rodata            const     0x802'a268     0x30  event_service.o [1]
  .rodata            const     0x802'a298     0x30  heartbeat_service.o [1]
  .rodata            const     0x802'a2c8     0x30  ip4.o [1]
  .rodata            const     0x802'a2f8     0x30  mem.o [1]
  .rodata            const     0x802'a328     0x30  net_service.o [1]
  .rodata            const     0x802'a358     0x30  netif.o [1]
  .rodata            const     0x802'a388     0x30  netif.o [1]
  .rodata            const     0x802'a3b8     0x30  os_dbg.o [1]
  .rodata            const     0x802'a3e8     0x30  os_dbg.o [1]
  .rodata            const     0x802'a418     0x30  os_dbg.o [1]
  .rodata            const     0x802'a448     0x30  pbuf.o [1]
  .rodata            const     0x802'a478     0x30  pbuf.o [1]
  .rodata            const     0x802'a4a8     0x30  shell_call.o [1]
  .rodata            const     0x802'a4d8     0x30  supervision_service.o [1]
  .rodata            const     0x802'a508     0x30  tcp.o [1]
  .rodata            const     0x802'a538     0x30  tcp.o [1]
  .rodata            const     0x802'a568     0x30  tcp.o [1]
  .rodata            const     0x802'a598     0x30  tcp_in.o [1]
  .rodata            const     0x802'a5c8     0x30  tcp_out.o [1]
  .rodata            const     0x802'a5f8     0x30  tcp_out.o [1]
  .rodata            const     0x802'a628     0x30  tcp_out.o [1]
  .rodata            const     0x802'a658     0x30  tcp_service.o [1]
  .rodata            const     0x802'a688     0x30  tcp_service.o [1]
  .rodata            const     0x802'a6b8     0x30  udp.o [1]
  .rodata            const     0x802'a6e8     0x30  udp_service.o [1]
  .rodata            const     0x802'a718     0x30  update_service.o [1]
  .rodata            const     0x802'a748     0x30  update_service.o [1]
  .rodata            const     0x802'a778     0x30  update_service.o [1]
  .rodata            const     0x802'a7a8     0x30  update_service.o [1]
  .rodata            const     0x802'a7d8     0x30  update_service.o [1]
  .rodata            const     0x802'a808     0x2c  api_msg.o [1]
  .rodata            const     0x802'a834     0x2c  DA_service.o [1]
  .rodata            const     0x802'a860     0x2c  DA_service.o [1]
  .rodata            const     0x802'a88c     0x2c  data_service.o [1]
  .rodata            const     0x802'a8b8     0x2c  data_service.o [1]
  .rodata            const     0x802'a8e4     0x2c  dm9000.o [1]
  .rodata            const     0x802'a910     0x2c  dm9000.o [1]
  .rodata            const     0x802'a93c     0x2c  dm9000.o [1]
  .rodata            const     0x802'a968     0x2c  dm9000.o [1]
  .rodata            const     0x802'a994     0x2c  etharp.o [1]
  .rodata            const     0x802'a9c0     0x2c  event_service.o [1]
  .rodata            const     0x802'a9ec     0x2c  heartbeat_service.o [1]
  .rodata            const     0x802'aa18     0x2c  heartbeat_service.o [1]
  .rodata            const     0x802'aa44     0x2c  icmp.o [1]
  .rodata            const     0x802'aa70     0x2c  log.o [1]
  .rodata            const     0x802'aa9c     0x2c  mem.o [1]
  .rodata            const     0x802'aac8     0x2c  net_service.o [1]
  .rodata            const     0x802'aaf4     0x2c  netif.o [1]
  .rodata            const     0x802'ab20     0x2c  pbuf.o [1]
  .rodata            const     0x802'ab4c     0x2c  register_service.o [1]
  .rodata            const     0x802'ab78     0x2c  register_service.o [1]
  .rodata            const     0x802'aba4     0x2c  service_shell.o [1]
  .rodata            const     0x802'abd0     0x2c  service_shell.o [1]
  .rodata            const     0x802'abfc     0x2c  sFlash.o [1]
  .rodata            const     0x802'ac28     0x2c  tcp.o [1]
  .rodata            const     0x802'ac54     0x2c  tcp.o [1]
  .rodata            const     0x802'ac80     0x2c  tcp.o [1]
  .rodata            const     0x802'acac     0x2c  tcp.o [1]
  .rodata            const     0x802'acd8     0x2c  tcp_in.o [1]
  .rodata            const     0x802'ad04     0x2c  tcp_in.o [1]
  .rodata            const     0x802'ad30     0x2c  tcp_in.o [1]
  .rodata            const     0x802'ad5c     0x2c  tcp_out.o [1]
  .rodata            const     0x802'ad88     0x2c  tcp_out.o [1]
  .rodata            const     0x802'adb4     0x2c  tcp_out.o [1]
  .rodata            const     0x802'ade0     0x2c  tcp_out.o [1]
  .rodata            const     0x802'ae0c     0x2c  tcp_out.o [1]
  .rodata            const     0x802'ae38     0x2c  tcp_service.o [1]
  .rodata            const     0x802'ae64     0x2c  tcp_service.o [1]
  .rodata            const     0x802'ae90     0x2c  update_service.o [1]
  .rodata            const     0x802'aebc     0x2c  update_service.o [1]
  .rodata            const     0x802'aee8     0x2c  update_service.o [1]
  .rodata            const     0x802'af14     0x2c  update_service.o [1]
  .rodata            const     0x802'af40     0x2c  update_service.o [1]
  .rodata            const     0x802'af6c     0x28  api_lib.o [1]
  .rodata            const     0x802'af94     0x28  api_msg.o [1]
  .rodata            const     0x802'afbc     0x28  api_msg.o [1]
  .rodata            const     0x802'afe4     0x28  api_msg.o [1]
  .rodata            const     0x802'b00c     0x28  bsp_clk.o [1]
  .rodata            const     0x802'b034     0x28  DA_service.o [1]
  .rodata            const     0x802'b05c     0x28  DA_service.o [1]
  .rodata            const     0x802'b084     0x28  data_service.o [1]
  .rodata            const     0x802'b0ac     0x28  data_service.o [1]
  .rodata            const     0x802'b0d4     0x28  dm9000.o [1]
  .rodata            const     0x802'b0fc     0x28  dm9000.o [1]
  .rodata            const     0x802'b124     0x28  dm9000.o [1]
  .rodata            const     0x802'b14c     0x28  dm9000.o [1]
  .rodata            const     0x802'b174     0x28  etharp.o [1]
  .rodata            const     0x802'b19c     0x28  etharp.o [1]
  .rodata            const     0x802'b1c4     0x28  ethernet.o [1]
  .rodata            const     0x802'b1ec     0x28  ethernetif.o [1]
  .rodata            const     0x802'b214     0x28  event_service.o [1]
  .rodata            const     0x802'b23c     0x28  event_service.o [1]
  .rodata            const     0x802'b264     0x28  event_service.o [1]
  .rodata            const     0x802'b28c     0x28  heartbeat_service.o [1]
  .rodata            const     0x802'b2b4     0x28  icmp.o [1]
  .rodata            const     0x802'b2dc     0x28  igmp.o [1]
  .rodata            const     0x802'b304     0x28  inet_chksum.o [1]
  .rodata            const     0x802'b32c     0x28  init.o [1]
  .rodata            const     0x802'b354     0x28  ip4.o [1]
  .rodata            const     0x802'b37c     0x28  ip4_frag.o [1]
  .rodata            const     0x802'b3a4     0x28  mem.o [1]
  .rodata            const     0x802'b3cc     0x28  memp.o [1]
  .rodata            const     0x802'b3f4     0x28  netbuf.o [1]
  .rodata            const     0x802'b41c     0x28  netif.o [1]
  .rodata            const     0x802'b444     0x28  netif.o [1]
  .rodata            const     0x802'b46c     0x28  os_dbg.o [1]
  .rodata            const     0x802'b494     0x28  os_dbg.o [1]
  .rodata            const     0x802'b4bc     0x28  pbuf.o [1]
  .rodata            const     0x802'b4e4     0x28  sFlash_port.o [1]
  .rodata            const     0x802'b50c     0x28  shell_call.o [1]
  .rodata            const     0x802'b534     0x28  shell_call.o [1]
  .rodata            const     0x802'b55c     0x28  supervision_service.o [1]
  .rodata            const     0x802'b584     0x28  sys_arch.o [1]
  .rodata            const     0x802'b5ac     0x28  tcp.o [1]
  .rodata            const     0x802'b5d4     0x28  tcp.o [1]
  .rodata            const     0x802'b5fc     0x28  tcp.o [1]
  .rodata            const     0x802'b624     0x28  tcp.o [1]
  .rodata            const     0x802'b64c     0x28  tcp.o [1]
  .rodata            const     0x802'b674     0x28  tcp.o [1]
  .rodata            const     0x802'b69c     0x28  tcp.o [1]
  .rodata            const     0x802'b6c4     0x28  tcp.o [1]
  .rodata            const     0x802'b6ec     0x28  tcp.o [1]
  .rodata            const     0x802'b714     0x28  tcp.o [1]
  .rodata            const     0x802'b73c     0x28  tcp.o [1]
  .rodata            const     0x802'b764     0x28  tcp_in.o [1]
  .rodata            const     0x802'b78c     0x28  tcp_in.o [1]
  .rodata            const     0x802'b7b4     0x28  tcp_in.o [1]
  .rodata            const     0x802'b7dc     0x28  tcp_in.o [1]
  .rodata            const     0x802'b804     0x28  tcp_in.o [1]
  .rodata            const     0x802'b82c     0x28  tcp_in.o [1]
  .rodata            const     0x802'b854     0x28  tcp_in.o [1]
  .rodata            const     0x802'b87c     0x28  tcp_out.o [1]
  .rodata            const     0x802'b8a4     0x28  tcp_out.o [1]
  .rodata            const     0x802'b8cc     0x28  tcp_out.o [1]
  .rodata            const     0x802'b8f4     0x28  tcp_out.o [1]
  .rodata            const     0x802'b91c     0x28  tcp_out.o [1]
  .rodata            const     0x802'b944     0x28  tcp_out.o [1]
  .rodata            const     0x802'b96c     0x28  tcp_out.o [1]
  .rodata            const     0x802'b994     0x28  tcp_service.o [1]
  .rodata            const     0x802'b9bc     0x28  tcp_service.o [1]
  .rodata            const     0x802'b9e4     0x28  tcp_service.o [1]
  .rodata            const     0x802'ba0c     0x28  tcp_service.o [1]
  .rodata            const     0x802'ba34     0x28  tcp_service.o [1]
  .rodata            const     0x802'ba5c     0x28  tcpip.o [1]
  .rodata            const     0x802'ba84     0x28  timeouts.o [1]
  .rodata            const     0x802'baac     0x28  udp.o [1]
  .rodata            const     0x802'bad4     0x28  udp.o [1]
  .rodata            const     0x802'bafc     0x28  udp_service.o [1]
  .rodata            const     0x802'bb24     0x28  update_service.o [1]
  .rodata            const     0x802'bb4c     0x28  update_service.o [1]
  .rodata            const     0x802'bb74     0x28  update_service.o [1]
  .text              ro code   0x802'bb9c     0x28  data_init.o [4]
  .rodata            const     0x802'bbc4     0x24  api_lib.o [1]
  .rodata            const     0x802'bbe8     0x24  api_lib.o [1]
  .rodata            const     0x802'bc0c     0x24  api_lib.o [1]
  .rodata            const     0x802'bc30     0x24  api_lib.o [1]
  .rodata            const     0x802'bc54     0x24  api_lib.o [1]
  .rodata            const     0x802'bc78     0x24  api_msg.o [1]
  .rodata            const     0x802'bc9c     0x24  api_msg.o [1]
  .rodata            const     0x802'bcc0     0x24  api_msg.o [1]
  .rodata            const     0x802'bce4     0x24  api_msg.o [1]
  .rodata            const     0x802'bd08     0x24  api_msg.o [1]
  .rodata            const     0x802'bd2c     0x24  DA_service.o [1]
  .rodata            const     0x802'bd50     0x24  etharp.o [1]
  .rodata            const     0x802'bd74     0x24  hl_malloc.o [1]
  .rodata            const     0x802'bd98     0x24  hl_packet.o [1]
  .rodata            const     0x802'bdbc     0x24  ip4_frag.o [1]
  .rodata            const     0x802'bde0     0x24  ip4_frag.o [1]
  .rodata            const     0x802'be04     0x24  net_service.o [1]
  .rodata            const     0x802'be28     0x24  netbuf.o [1]
  .rodata            const     0x802'be4c     0x24  netif.o [1]
  .rodata            const     0x802'be70     0x24  netif.o [1]
  .rodata            const     0x802'be94     0x24  netif.o [1]
  .rodata            const     0x802'beb8     0x24  netif.o [1]
  .rodata            const     0x802'bedc     0x24  netif.o [1]
  .rodata            const     0x802'bf00     0x24  netif.o [1]
  .rodata            const     0x802'bf24     0x24  pbuf.o [1]
  .rodata            const     0x802'bf48     0x24  pbuf.o [1]
  .rodata            const     0x802'bf6c     0x24  pbuf.o [1]
  .rodata            const     0x802'bf90     0x24  register_service.o [1]
  .rodata            const     0x802'bfb4     0x24  register_service.o [1]
  .rodata            const     0x802'bfd8     0x24  tcp.o [1]
  .rodata            const     0x802'bffc     0x24  tcp_out.o [1]
  .rodata            const     0x802'c020     0x24  tcp_out.o [1]
  .rodata            const     0x802'c044     0x24  tcp_out.o [1]
  .rodata            const     0x802'c068     0x24  tcp_out.o [1]
  .rodata            const     0x802'c08c     0x24  tcp_out.o [1]
  .rodata            const     0x802'c0b0     0x24  tcp_out.o [1]
  .rodata            const     0x802'c0d4     0x24  tcp_out.o [1]
  .rodata            const     0x802'c0f8     0x24  tcp_out.o [1]
  .rodata            const     0x802'c11c     0x24  tcp_out.o [1]
  .rodata            const     0x802'c140     0x24  tcp_service.o [1]
  .rodata            const     0x802'c164     0x24  tcp_service.o [1]
  .rodata            const     0x802'c188     0x24  tcpip.o [1]
  .rodata            const     0x802'c1ac     0x24  udp.o [1]
  .rodata            const     0x802'c1d0     0x24  udp.o [1]
  .rodata            const     0x802'c1f4     0x24  udp.o [1]
  .rodata            const     0x802'c218     0x24  udp.o [1]
  .rodata            const     0x802'c23c     0x24  update_service.o [1]
  .iar.init_table    const     0x802'c260     0x20  - Linker created -
  .rodata            const     0x802'c280     0x20  api_lib.o [1]
  .rodata            const     0x802'c2a0     0x20  api_lib.o [1]
  .rodata            const     0x802'c2c0     0x20  api_msg.o [1]
  .rodata            const     0x802'c2e0     0x20  api_msg.o [1]
  .rodata            const     0x802'c300     0x20  api_msg.o [1]
  .rodata            const     0x802'c320     0x20  api_msg.o [1]
  .rodata            const     0x802'c340     0x20  api_msg.o [1]
  .rodata            const     0x802'c360     0x20  api_msg.o [1]
  .rodata            const     0x802'c380     0x20  api_msg.o [1]
  .rodata            const     0x802'c3a0     0x20  api_msg.o [1]
  .rodata            const     0x802'c3c0     0x20  api_msg.o [1]
  .rodata            const     0x802'c3e0     0x20  api_msg.o [1]
  .rodata            const     0x802'c400     0x20  api_msg.o [1]
  .rodata            const     0x802'c420     0x20  hl_msgdeal.o [1]
  .rodata            const     0x802'c440     0x20  ip4_frag.o [1]
  .rodata            const     0x802'c460     0x20  ip4_frag.o [1]
  .rodata            const     0x802'c480     0x20  ip4_frag.o [1]
  .rodata            const     0x802'c4a0     0x20  ip4_frag.o [1]
  .rodata            const     0x802'c4c0     0x20  mem.o [1]
  .rodata            const     0x802'c4e0     0x20  memp.o [1]
  .rodata            const     0x802'c500     0x20  netbuf.o [1]
  .rodata            const     0x802'c520     0x20  netif.o [1]
  .rodata            const     0x802'c540     0x20  netif.o [1]
  .rodata            const     0x802'c560     0x20  netif.o [1]
  .rodata            const     0x802'c580     0x20  os_dbg.o [1]
  .rodata            const     0x802'c5a0     0x20  pbuf.o [1]
  .rodata            const     0x802'c5c0     0x20  pbuf.o [1]
  .rodata            const     0x802'c5e0     0x20  shell_call.o [1]
  .rodata            const     0x802'c600     0x20  shell_call.o [1]
  .rodata            const     0x802'c620     0x20  shell_call.o [1]
  .rodata            const     0x802'c640     0x20  shell_call.o [1]
  .rodata            const     0x802'c660     0x20  tcp.o [1]
  .rodata            const     0x802'c680     0x20  tcp.o [1]
  .rodata            const     0x802'c6a0     0x20  tcp.o [1]
  .rodata            const     0x802'c6c0     0x20  tcp_in.o [1]
  .rodata            const     0x802'c6e0     0x20  tcp_in.o [1]
  .rodata            const     0x802'c700     0x20  tcp_in.o [1]
  .rodata            const     0x802'c720     0x20  tcp_in.o [1]
  .rodata            const     0x802'c740     0x20  tcp_in.o [1]
  .rodata            const     0x802'c760     0x20  tcp_in.o [1]
  .rodata            const     0x802'c780     0x20  tcp_in.o [1]
  .rodata            const     0x802'c7a0     0x20  tcp_out.o [1]
  .rodata            const     0x802'c7c0     0x20  tcp_out.o [1]
  .rodata            const     0x802'c7e0     0x20  tcp_out.o [1]
  .rodata            const     0x802'c800     0x20  tcp_out.o [1]
  .rodata            const     0x802'c820     0x20  tcp_out.o [1]
  .rodata            const     0x802'c840     0x20  tcp_out.o [1]
  .rodata            const     0x802'c860     0x20  tcp_out.o [1]
  .rodata            const     0x802'c880     0x20  tcp_out.o [1]
  .rodata            const     0x802'c8a0     0x20  tcp_out.o [1]
  .rodata            const     0x802'c8c0     0x20  tcp_out.o [1]
  .rodata            const     0x802'c8e0     0x20  tcp_out.o [1]
  .rodata            const     0x802'c900     0x20  tcpip.o [1]
  .rodata            const     0x802'c920     0x20  timeouts.o [1]
  .rodata            const     0x802'c940     0x20  udp.o [1]
  .rodata            const     0x802'c960     0x20  udp.o [1]
  .rodata            const     0x802'c980     0x20  udp.o [1]
  .rodata            const     0x802'c9a0     0x20  udp.o [1]
  .rodata            const     0x802'c9c0     0x20  udp.o [1]
  .rodata            const     0x802'c9e0     0x20  udp.o [1]
  .text              ro code   0x802'ca00     0x1e  cmain.o [4]
  .text              ro code   0x802'ca1e      0x4  low_level_init.o [2]
  .text              ro code   0x802'ca22      0x4  exit.o [2]
  .rodata            const     0x802'ca26      0x1  os_dbg.o [1]
  .rodata            const     0x802'ca27      0x1  os_dbg.o [1]
  .text              ro code   0x802'ca28      0xa  cexit.o [4]
  .rodata            const     0x802'ca32      0x1  os_dbg.o [1]
  .rodata            const     0x802'ca33      0x1  os_dbg.o [1]
  .rodata            const     0x802'ca34     0x1c  api_lib.o [1]
  .rodata            const     0x802'ca50     0x1c  api_lib.o [1]
  .rodata            const     0x802'ca6c     0x1c  api_lib.o [1]
  .rodata            const     0x802'ca88     0x1c  api_lib.o [1]
  .rodata            const     0x802'caa4     0x1c  api_lib.o [1]
  .rodata            const     0x802'cac0     0x1c  api_lib.o [1]
  .rodata            const     0x802'cadc     0x1c  api_msg.o [1]
  .rodata            const     0x802'caf8     0x1c  api_msg.o [1]
  .rodata            const     0x802'cb14     0x1c  api_msg.o [1]
  .rodata            const     0x802'cb30     0x1c  api_msg.o [1]
  .rodata            const     0x802'cb4c     0x1c  dm9000.o [1]
  .rodata            const     0x802'cb68     0x1c  etharp.o [1]
  .rodata            const     0x802'cb84     0x1c  heartbeat_service.o [1]
  .rodata            const     0x802'cba0     0x1c  heartbeat_service.o [1]
  .rodata            const     0x802'cbbc     0x1c  hl_msgdeal.o [1]
  .rodata            const     0x802'cbd8     0x1c  hl_msgdeal.o [1]
  .rodata            const     0x802'cbf4     0x1c  hl_packet.o [1]
  .rodata            const     0x802'cc10     0x1c  ip4_frag.o [1]
  .rodata            const     0x802'cc2c     0x1c  ip4_frag.o [1]
  .rodata            const     0x802'cc48     0x1c  ip4_frag.o [1]
  .rodata            const     0x802'cc64     0x1c  mem.o [1]
  .rodata            const     0x802'cc80     0x1c  mem.o [1]
  .rodata            const     0x802'cc9c     0x1c  mem.o [1]
  .rodata            const     0x802'ccb8     0x1c  mem.o [1]
  .rodata            const     0x802'ccd4     0x1c  memp.o [1]
  .rodata            const     0x802'ccf0     0x1c  netbuf.o [1]
  .rodata            const     0x802'cd0c     0x1c  netbuf.o [1]
  .rodata            const     0x802'cd28     0x1c  netbuf.o [1]
  .rodata            const     0x802'cd44     0x1c  netif.o [1]
  .rodata            const     0x802'cd60     0x1c  netif.o [1]
  .rodata            const     0x802'cd7c     0x1c  netif.o [1]
  .rodata            const     0x802'cd98     0x1c  netif.o [1]
  .rodata            const     0x802'cdb4     0x1c  pbuf.o [1]
  .rodata            const     0x802'cdd0     0x1c  pbuf.o [1]
  .rodata            const     0x802'cdec     0x1c  pbuf.o [1]
  .rodata            const     0x802'ce08     0x1c  sFlash.o [1]
  .rodata            const     0x802'ce24     0x1c  sFlash.o [1]
  .rodata            const     0x802'ce40     0x1c  shell.o [1]
  .rodata            const     0x802'ce5c     0x1c  shell.o [1]
  .rodata            const     0x802'ce78     0x1c  shell_call.o [1]
  .rodata            const     0x802'ce94     0x1c  shell_call.o [1]
  .rodata            const     0x802'ceb0     0x1c  shell_call.o [1]
  .rodata            const     0x802'cecc     0x1c  shell_call.o [1]
  .rodata            const     0x802'cee8     0x1c  shell_call.o [1]
  .rodata            const     0x802'cf04     0x1c  shell_call.o [1]
  .rodata            const     0x802'cf20     0x1c  shell_call.o [1]
  .rodata            const     0x802'cf3c     0x1c  shell_call.o [1]
  .rodata            const     0x802'cf58     0x1c  shell_call.o [1]
  .rodata            const     0x802'cf74     0x1c  shell_call.o [1]
  .rodata            const     0x802'cf90     0x1c  shell_call.o [1]
  .rodata            const     0x802'cfac     0x1c  tcp.o [1]
  .rodata            const     0x802'cfc8     0x1c  tcp.o [1]
  .rodata            const     0x802'cfe4     0x1c  tcp.o [1]
  .rodata            const     0x802'd000     0x1c  tcp.o [1]
  .rodata            const     0x802'd01c     0x1c  tcp.o [1]
  .rodata            const     0x802'd038     0x1c  tcp.o [1]
  .rodata            const     0x802'd054     0x1c  tcp.o [1]
  .rodata            const     0x802'd070     0x1c  tcp.o [1]
  .rodata            const     0x802'd08c     0x1c  tcp.o [1]
  .rodata            const     0x802'd0a8     0x1c  tcp.o [1]
  .rodata            const     0x802'd0c4     0x1c  tcp.o [1]
  .rodata            const     0x802'd0e0     0x1c  tcp.o [1]
  .rodata            const     0x802'd0fc     0x1c  tcp_in.o [1]
  .rodata            const     0x802'd118     0x1c  tcp_in.o [1]
  .rodata            const     0x802'd134     0x1c  tcp_in.o [1]
  .rodata            const     0x802'd150     0x1c  tcp_in.o [1]
  .rodata            const     0x802'd16c     0x1c  tcp_in.o [1]
  .rodata            const     0x802'd188     0x1c  tcp_in.o [1]
  .rodata            const     0x802'd1a4     0x1c  tcp_out.o [1]
  .rodata            const     0x802'd1c0     0x1c  tcp_out.o [1]
  .rodata            const     0x802'd1dc     0x1c  tcp_out.o [1]
  .rodata            const     0x802'd1f8     0x1c  tcp_out.o [1]
  .rodata            const     0x802'd214     0x1c  tcp_out.o [1]
  .rodata            const     0x802'd230     0x1c  tcp_out.o [1]
  .rodata            const     0x802'd24c     0x1c  tcpip.o [1]
  .rodata            const     0x802'd268     0x1c  udp.o [1]
  .rodata            const     0x802'd284     0x1c  udp.o [1]
  .rodata            const     0x802'd2a0     0x1c  udp.o [1]
  .rodata            const     0x802'd2bc     0x1c  udp.o [1]
  .rodata            const     0x802'd2d8     0x1c  udp.o [1]
  .rodata            const     0x802'd2f4     0x1c  udp.o [1]
  .rodata            const     0x802'd310     0x1c  udp.o [1]
  .rodata            const     0x802'd32c     0x1c  udp.o [1]
  .rodata            const     0x802'd348     0x18  api_lib.o [1]
  .rodata            const     0x802'd360     0x18  api_msg.o [1]
  .rodata            const     0x802'd378     0x18  api_msg.o [1]
  .rodata            const     0x802'd390     0x18  api_msg.o [1]
  .rodata            const     0x802'd3a8     0x18  api_msg.o [1]
  .rodata            const     0x802'd3c0     0x18  DA_service.o [1]
  .rodata            const     0x802'd3d8     0x18  data_service.o [1]
  .rodata            const     0x802'd3f0     0x18  data_service.o [1]
  .rodata            const     0x802'd408     0x18  data_service.o [1]
  .rodata            const     0x802'd420     0x18  dm9000.o [1]
  .rodata            const     0x802'd438     0x18  etharp.o [1]
  .rodata            const     0x802'd450     0x18  event_service.o [1]
  .rodata            const     0x802'd468     0x18  heartbeat_service.o [1]
  .rodata            const     0x802'd480     0x18  heartbeat_service.o [1]
  .rodata            const     0x802'd498     0x18  hl_packet.o [1]
  .rodata            const     0x802'd4b0     0x18  mem.o [1]
  .rodata            const     0x802'd4c8     0x18  mem.o [1]
  .rodata            const     0x802'd4e0     0x18  net_service.o [1]
  .rodata            const     0x802'd4f8     0x18  netif.o [1]
  .rodata            const     0x802'd510     0x18  os_tmr.o [1]
  .rodata            const     0x802'd528     0x18  pbuf.o [1]
  .rodata            const     0x802'd540     0x18  pbuf.o [1]
  .rodata            const     0x802'd558     0x18  pbuf.o [1]
  .rodata            const     0x802'd570     0x18  pbuf.o [1]
  .rodata            const     0x802'd588     0x18  register_service.o [1]
  .rodata            const     0x802'd5a0     0x18  register_service.o [1]
  .rodata            const     0x802'd5b8     0x18  register_service.o [1]
  .rodata            const     0x802'd5d0     0x18  register_service.o [1]
  .rodata            const     0x802'd5e8     0x18  sds_table.o [1]
  .rodata            const     0x802'd600     0x18  sFlash.o [1]
  .rodata            const     0x802'd618     0x18  sFlash.o [1]
  .rodata            const     0x802'd630     0x18  sFlash.o [1]
  .rodata            const     0x802'd648     0x18  shell_call.o [1]
  .rodata            const     0x802'd660     0x18  shell_call.o [1]
  .rodata            const     0x802'd678     0x18  shell_call.o [1]
  .rodata            const     0x802'd690     0x18  shell_call.o [1]
  .rodata            const     0x802'd6a8     0x18  shell_call.o [1]
  .rodata            const     0x802'd6c0     0x18  shell_call.o [1]
  .rodata            const     0x802'd6d8     0x18  shell_call.o [1]
  .rodata            const     0x802'd6f0     0x18  shell_call.o [1]
  .rodata            const     0x802'd708     0x18  shell_call.o [1]
  .rodata            const     0x802'd720     0x18  shell_call.o [1]
  .rodata            const     0x802'd738     0x18  supervision_service.o [1]
  .rodata            const     0x802'd750     0x18  supervision_service.o [1]
  .rodata            const     0x802'd768     0x18  tcp.o [1]
  .rodata            const     0x802'd780     0x18  tcp.o [1]
  .rodata            const     0x802'd798     0x18  tcp.o [1]
  .rodata            const     0x802'd7b0     0x18  tcp.o [1]
  .rodata            const     0x802'd7c8     0x18  tcp.o [1]
  .rodata            const     0x802'd7e0     0x18  tcp.o [1]
  .rodata            const     0x802'd7f8     0x18  tcp.o [1]
  .rodata            const     0x802'd810     0x18  tcp_in.o [1]
  .rodata            const     0x802'd828     0x18  tcp_in.o [1]
  .rodata            const     0x802'd840     0x18  tcp_in.o [1]
  .rodata            const     0x802'd858     0x18  tcp_out.o [1]
  .rodata            const     0x802'd870     0x18  tcp_out.o [1]
  .rodata            const     0x802'd888     0x18  tcp_out.o [1]
  .rodata            const     0x802'd8a0     0x18  tcp_out.o [1]
  .rodata            const     0x802'd8b8     0x18  tcp_out.o [1]
  .rodata            const     0x802'd8d0     0x18  tcp_out.o [1]
  .rodata            const     0x802'd8e8     0x18  tcp_service.o [1]
  .rodata            const     0x802'd900     0x18  tcp_service.o [1]
  .rodata            const     0x802'd918     0x18  tcp_service.o [1]
  .rodata            const     0x802'd930     0x18  udp.o [1]
  .rodata            const     0x802'd948     0x18  udp.o [1]
  .rodata            const     0x802'd960     0x18  udp.o [1]
  .rodata            const     0x802'd978     0x18  udp.o [1]
  .rodata            const     0x802'd990     0x18  udp.o [1]
  .rodata            const     0x802'd9a8     0x18  udp_service.o [1]
  .rodata            const     0x802'd9c0     0x18  update_service.o [1]
  .rodata            const     0x802'd9d8     0x18  update_service.o [1]
  .rodata            const     0x802'd9f0     0x18  update_service.o [1]
  .rodata            const     0x802'da08     0x14  api_msg.o [1]
  .rodata            const     0x802'da1c     0x14  api_msg.o [1]
  .rodata            const     0x802'da30     0x14  api_msg.o [1]
  .rodata            const     0x802'da44     0x14  DA_service.o [1]
  .rodata            const     0x802'da58     0x14  DA_service.o [1]
  .rodata            const     0x802'da6c     0x14  data_service.o [1]
  .rodata            const     0x802'da80     0x14  dm9000.o [1]
  .rodata            const     0x802'da94     0x14  dm9000.o [1]
  .rodata            const     0x802'daa8     0x14  etharp.o [1]
  .rodata            const     0x802'dabc     0x14  ethernetif.o [1]
  .rodata            const     0x802'dad0     0x14  ethernetif.o [1]
  .rodata            const     0x802'dae4     0x14  ethernetif.o [1]
  .rodata            const     0x802'daf8     0x14  event_service.o [1]
  .rodata            const     0x802'db0c     0x14  event_service.o [1]
  .rodata            const     0x802'db20     0x14  event_service.o [1]
  .rodata            const     0x802'db34     0x14  heartbeat_service.o [1]
  .rodata            const     0x802'db48     0x14  heartbeat_service.o [1]
  .rodata            const     0x802'db5c     0x14  hl_malloc.o [1]
  .rodata            const     0x802'db70     0x14  hl_msgdeal.o [1]
  .rodata            const     0x802'db84     0x14  hl_packet.o [1]
  .rodata            const     0x802'db98     0x14  ip4_frag.o [1]
  .rodata            const     0x802'dbac     0x14  log.o [1]
  .rodata            const     0x802'dbc0     0x14  mem.o [1]
  .rodata            const     0x802'dbd4     0x14  memp.o [1]
  .rodata            const     0x802'dbe8     0x14  memp.o [1]
  .rodata            const     0x802'dbfc     0x14  memp.o [1]
  .rodata            const     0x802'dc10     0x14  memp.o [1]
  .rodata            const     0x802'dc24     0x14  memp.o [1]
  .rodata            const     0x802'dc38     0x14  memp.o [1]
  .rodata            const     0x802'dc4c     0x14  memp.o [1]
  .rodata            const     0x802'dc60     0x14  memp.o [1]
  .rodata            const     0x802'dc74     0x14  memp.o [1]
  .rodata            const     0x802'dc88     0x14  memp.o [1]
  .rodata            const     0x802'dc9c     0x14  memp.o [1]
  .rodata            const     0x802'dcb0     0x14  memp.o [1]
  .rodata            const     0x802'dcc4     0x14  memp.o [1]
  .rodata            const     0x802'dcd8     0x14  memp.o [1]
  .rodata            const     0x802'dcec     0x14  netif.o [1]
  .rodata            const     0x802'dd00     0x14  os_core.o [1]
  .rodata            const     0x802'dd14     0x14  os_stat.o [1]
  .rodata            const     0x802'dd28     0x14  pbuf.o [1]
  .rodata            const     0x802'dd3c     0x14  pbuf.o [1]
  .rodata            const     0x802'dd50     0x14  pbuf.o [1]
  .rodata            const     0x802'dd64     0x14  pbuf.o [1]
  .rodata            const     0x802'dd78     0x14  register_service.o [1]
  .rodata            const     0x802'dd8c     0x14  register_service.o [1]
  .rodata            const     0x802'dda0     0x14  register_service.o [1]
  .rodata            const     0x802'ddb4     0x14  service_shell.o [1]
  .rodata            const     0x802'ddc8     0x14  sFlash_port.o [1]
  .rodata            const     0x802'dddc     0x14  shell_call.o [1]
  .rodata            const     0x802'ddf0     0x14  shell_call.o [1]
  .rodata            const     0x802'de04     0x14  shell_call.o [1]
  .rodata            const     0x802'de18     0x14  shell_call.o [1]
  .rodata            const     0x802'de2c     0x14  shell_call.o [1]
  .rodata            const     0x802'de40     0x14  shell_call.o [1]
  .rodata            const     0x802'de54     0x14  shell_call.o [1]
  .rodata            const     0x802'de68     0x14  shell_call.o [1]
  .rodata            const     0x802'de7c     0x14  supervision_service.o [1]
  .rodata            const     0x802'de90     0x14  supervision_service.o [1]
  .rodata            const     0x802'dea4     0x14  tcp.o [1]
  .rodata            const     0x802'deb8     0x14  tcp_in.o [1]
  .rodata            const     0x802'decc     0x14  tcp_out.o [1]
  .rodata            const     0x802'dee0     0x14  tcp_out.o [1]
  .rodata            const     0x802'def4     0x14  tcp_out.o [1]
  .rodata            const     0x802'df08     0x14  tcp_service.o [1]
  .rodata            const     0x802'df1c     0x14  tcp_service.o [1]
  .rodata            const     0x802'df30     0x14  timeouts.o [1]
  .rodata            const     0x802'df44     0x14  update_service.o [1]
  .rodata            const     0x802'df58     0x14  update_service.o [1]
  .rodata            const     0x802'df6c     0x10  api_msg.o [1]
  .rodata            const     0x802'df7c     0x10  api_msg.o [1]
  .rodata            const     0x802'df8c     0x10  api_msg.o [1]
  .rodata            const     0x802'df9c     0x10  api_msg.o [1]
  .rodata            const     0x802'dfac     0x10  DA_service.o [1]
  .rodata            const     0x802'dfbc     0x10  DA_service.o [1]
  .rodata            const     0x802'dfcc     0x10  DA_service.o [1]
  .rodata            const     0x802'dfdc     0x10  DA_service.o [1]
  .rodata            const     0x802'dfec     0x10  DA_service.o [1]
  .rodata            const     0x802'dffc     0x10  data_service.o [1]
  .rodata            const     0x802'e00c     0x10  data_service.o [1]
  .rodata            const     0x802'e01c     0x10  data_service.o [1]
  .rodata            const     0x802'e02c     0x10  data_service.o [1]
  .rodata            const     0x802'e03c     0x10  data_service.o [1]
  .rodata            const     0x802'e04c     0x10  data_service.o [1]
  .rodata            const     0x802'e05c     0x10  data_service.o [1]
  .rodata            const     0x802'e06c     0x10  data_service.o [1]
  .rodata            const     0x802'e07c     0x10  data_service.o [1]
  .rodata            const     0x802'e08c     0x10  etharp.o [1]
  .rodata            const     0x802'e09c     0x10  etharp.o [1]
  .rodata            const     0x802'e0ac     0x10  etharp.o [1]
  .rodata            const     0x802'e0bc     0x10  ethernetif.o [1]
  .rodata            const     0x802'e0cc     0x10  ethernetif.o [1]
  .rodata            const     0x802'e0dc     0x10  ethernetif.o [1]
  .rodata            const     0x802'e0ec     0x10  event_service.o [1]
  .rodata            const     0x802'e0fc     0x10  event_service.o [1]
  .rodata            const     0x802'e10c     0x10  event_service.o [1]
  .rodata            const     0x802'e11c     0x10  heartbeat_service.o [1]
  .rodata            const     0x802'e12c     0x10  heartbeat_service.o [1]
  .rodata            const     0x802'e13c     0x10  ip4_frag.o [1]
  .rodata            const     0x802'e14c     0x10  ip4_frag.o [1]
  .rodata            const     0x802'e15c     0x10  main.o [1]
  .rodata            const     0x802'e16c     0x10  memp.o [1]
  .rodata            const     0x802'e17c     0x10  memp.o [1]
  .rodata            const     0x802'e18c     0x10  memp.o [1]
  .rodata            const     0x802'e19c     0x10  memp.o [1]
  .rodata            const     0x802'e1ac     0x10  net_service.o [1]
  .rodata            const     0x802'e1bc     0x10  netif.o [1]
  .rodata            const     0x802'e1cc     0x10  os_tmr.o [1]
  .rodata            const     0x802'e1dc     0x10  pbuf.o [1]
  .rodata            const     0x802'e1ec     0x10  pbuf.o [1]
  .rodata            const     0x802'e1fc     0x10  register_service.o [1]
  .rodata            const     0x802'e20c     0x10  register_service.o [1]
  .rodata            const     0x802'e21c     0x10  service_shell.o [1]
  .rodata            const     0x802'e22c     0x10  service_shell.o [1]
  .rodata            const     0x802'e23c     0x10  sFlash_port.o [1]
  .rodata            const     0x802'e24c     0x10  shell_call.o [1]
  .rodata            const     0x802'e25c     0x10  shell_call.o [1]
  .rodata            const     0x802'e26c     0x10  shell_call.o [1]
  .rodata            const     0x802'e27c     0x10  shell_call.o [1]
  .rodata            const     0x802'e28c     0x10  shell_call.o [1]
  .rodata            const     0x802'e29c     0x10  shell_call.o [1]
  .rodata            const     0x802'e2ac     0x10  shell_call.o [1]
  .rodata            const     0x802'e2bc     0x10  shell_call.o [1]
  .rodata            const     0x802'e2cc     0x10  stm32f1xx_hal_rcc.o [1]
  .rodata            const     0x802'e2dc     0x10  supervision_service.o [1]
  .rodata            const     0x802'e2ec     0x10  sys_arch.o [1]
  .rodata            const     0x802'e2fc     0x10  sys_arch.o [1]
  .rodata            const     0x802'e30c     0x10  sys_arch.o [1]
  .rodata            const     0x802'e31c     0x10  sys_arch.o [1]
  .rodata            const     0x802'e32c     0x10  sys_arch.o [1]
  .rodata            const     0x802'e33c     0x10  sys_arch.o [1]
  .rodata            const     0x802'e34c     0x10  system_stm32f1xx.o [1]
  .rodata            const     0x802'e35c     0x10  tcp.o [1]
  .rodata            const     0x802'e36c     0x10  tcp.o [1]
  .rodata            const     0x802'e37c     0x10  tcp.o [1]
  .rodata            const     0x802'e38c     0x10  tcp_in.o [1]
  .rodata            const     0x802'e39c     0x10  tcp_in.o [1]
  .rodata            const     0x802'e3ac     0x10  tcp_in.o [1]
  .rodata            const     0x802'e3bc     0x10  tcp_in.o [1]
  .rodata            const     0x802'e3cc     0x10  tcp_out.o [1]
  .rodata            const     0x802'e3dc     0x10  tcp_out.o [1]
  .rodata            const     0x802'e3ec     0x10  tcp_out.o [1]
  .rodata            const     0x802'e3fc     0x10  tcp_service.o [1]
  .rodata            const     0x802'e40c     0x10  tcp_service.o [1]
  .rodata            const     0x802'e41c     0x10  tcp_service.o [1]
  .rodata            const     0x802'e42c     0x10  tcp_service.o [1]
  .rodata            const     0x802'e43c     0x10  tcpip.o [1]
  .rodata            const     0x802'e44c     0x10  tcpip.o [1]
  .rodata            const     0x802'e45c     0x10  udp_service.o [1]
  .rodata            const     0x802'e46c     0x10  udp_service.o [1]
  .rodata            const     0x802'e47c     0x10  udp_service.o [1]
  .rodata            const     0x802'e48c     0x10  update_service.o [1]
  .rodata            const     0x802'e49c     0x10  update_service.o [1]
  .rodata            const     0x802'e4ac     0x10  update_service.o [1]
  .rodata            const     0x802'e4bc     0x10  update_service.o [1]
  .text              ro code   0x802'e4cc     0x10  startup_stm32f103xe.o [1]
  .rodata            const     0x802'e4dc      0xc  api_lib.o [1]
  .rodata            const     0x802'e4e8      0xc  api_lib.o [1]
  .rodata            const     0x802'e4f4      0xc  api_msg.o [1]
  .rodata            const     0x802'e500      0xc  DA_service.o [1]
  .rodata            const     0x802'e50c      0xc  DA_service.o [1]
  .rodata            const     0x802'e518      0xc  DA_service.o [1]
  .rodata            const     0x802'e524      0xc  DA_service.o [1]
  .rodata            const     0x802'e530      0xc  DA_service.o [1]
  .rodata            const     0x802'e53c      0xc  DA_service.o [1]
  .rodata            const     0x802'e548      0xc  data_service.o [1]
  .rodata            const     0x802'e554      0xc  data_service.o [1]
  .rodata            const     0x802'e560      0xc  data_service.o [1]
  .rodata            const     0x802'e56c      0xc  dm9000.o [1]
  .rodata            const     0x802'e578      0xc  etharp.o [1]
  .rodata            const     0x802'e584      0xc  event_service.o [1]
  .rodata            const     0x802'e590      0xc  event_service.o [1]
  .rodata            const     0x802'e59c      0xc  heartbeat_service.o [1]
  .rodata            const     0x802'e5a8      0xc  hl_malloc.o [1]
  .rodata            const     0x802'e5b4      0xc  hl_malloc.o [1]
  .rodata            const     0x802'e5c0      0xc  hl_malloc.o [1]
  .rodata            const     0x802'e5cc      0xc  hl_malloc.o [1]
  .rodata            const     0x802'e5d8      0xc  hl_malloc.o [1]
  .rodata            const     0x802'e5e4      0xc  hl_msgdeal.o [1]
  .rodata            const     0x802'e5f0      0xc  hl_msgdeal.o [1]
  .rodata            const     0x802'e5fc      0xc  hl_packet.o [1]
  .rodata            const     0x802'e608      0xc  hl_packet.o [1]
  .rodata            const     0x802'e614      0xc  hl_packet.o [1]
  .rodata            const     0x802'e620      0xc  hl_packet.o [1]
  .rodata            const     0x802'e62c      0xc  hl_packet.o [1]
  .rodata            const     0x802'e638      0xc  hl_packet.o [1]
  .rodata            const     0x802'e644      0xc  inet_chksum.o [1]
  .rodata            const     0x802'e650      0xc  ip4.o [1]
  .rodata            const     0x802'e65c      0xc  ip4_frag.o [1]
  .rodata            const     0x802'e668      0xc  ip4_frag.o [1]
  .rodata            const     0x802'e674      0xc  ip4_frag.o [1]
  .rodata            const     0x802'e680      0xc  ip4_frag.o [1]
  .rodata            const     0x802'e68c      0xc  ip4_frag.o [1]
  .rodata            const     0x802'e698      0xc  log.o [1]
  .rodata            const     0x802'e6a4      0xc  main.o [1]
  .rodata            const     0x802'e6b0      0xc  memp.o [1]
  .rodata            const     0x802'e6bc      0xc  memp.o [1]
  .rodata            const     0x802'e6c8      0xc  memp.o [1]
  .rodata            const     0x802'e6d4      0xc  memp.o [1]
  .rodata            const     0x802'e6e0      0xc  memp.o [1]
  .rodata            const     0x802'e6ec      0xc  net_service.o [1]
  .rodata            const     0x802'e6f8      0xc  net_service.o [1]
  .rodata            const     0x802'e704      0xc  net_service.o [1]
  .rodata            const     0x802'e710      0xc  os_core.o [1]
  .rodata            const     0x802'e71c      0xc  pbuf.o [1]
  .rodata            const     0x802'e728      0xc  register_service.o [1]
  .rodata            const     0x802'e734      0xc  service_shell.o [1]
  .rodata            const     0x802'e740      0xc  shell_call.o [1]
  .rodata            const     0x802'e74c      0xc  shell_call.o [1]
  .rodata            const     0x802'e758      0xc  shell_call.o [1]
  .rodata            const     0x802'e764      0xc  shell_call.o [1]
  .rodata            const     0x802'e770      0xc  shell_call.o [1]
  .rodata            const     0x802'e77c      0xc  shell_call.o [1]
  .rodata            const     0x802'e788      0xc  shell_call.o [1]
  .rodata            const     0x802'e794      0xc  shell_call.o [1]
  .rodata            const     0x802'e7a0      0xc  shell_call.o [1]
  .rodata            const     0x802'e7ac      0xc  sys_arch.o [1]
  .rodata            const     0x802'e7b8      0xc  sys_arch.o [1]
  .rodata            const     0x802'e7c4      0xc  sys_arch.o [1]
  .rodata            const     0x802'e7d0      0xc  sys_arch.o [1]
  .rodata            const     0x802'e7dc      0xc  sys_arch.o [1]
  .rodata            const     0x802'e7e8      0xc  sys_arch.o [1]
  .rodata            const     0x802'e7f4      0xc  tcp.o [1]
  .rodata            const     0x802'e800      0xc  tcp_in.o [1]
  .rodata            const     0x802'e80c      0xc  tcp_out.o [1]
  .rodata            const     0x802'e818      0xc  tcp_service.o [1]
  .rodata            const     0x802'e824      0xc  tcp_service.o [1]
  .rodata            const     0x802'e830      0xc  tcp_service.o [1]
  .rodata            const     0x802'e83c      0xc  udp_service.o [1]
  .rodata            const     0x802'e848      0xc  udp_service.o [1]
  .rodata            const     0x802'e854      0xc  udp_service.o [1]
  .rodata            const     0x802'e860      0xc  update_service.o [1]
  .text              ro code   0x802'e86c      0xc  cstartup_M.o [4]
  .rodata            const     0x802'e878      0x8  DA_service.o [1]
  .rodata            const     0x802'e880      0x8  DA_service.o [1]
  .rodata            const     0x802'e888      0x8  dm9000.o [1]
  .rodata            const     0x802'e890      0x8  dm9000.o [1]
  .rodata            const     0x802'e898      0x8  ethernet.o [1]
  .rodata            const     0x802'e8a0      0x8  ethernet.o [1]
  .rodata            const     0x802'e8a8      0x8  hl_msgdeal.o [1]
  .rodata            const     0x802'e8b0      0x8  hl_packet.o [1]
  .rodata            const     0x802'e8b8      0x8  hl_packet.o [1]
  .rodata            const     0x802'e8c0      0x8  hl_packet.o [1]
  .rodata            const     0x802'e8c8      0x8  hl_packet.o [1]
  .rodata            const     0x802'e8d0      0x8  memp.o [1]
  .rodata            const     0x802'e8d8      0x8  memp.o [1]
  .rodata            const     0x802'e8e0      0x8  memp.o [1]
  .rodata            const     0x802'e8e8      0x8  memp.o [1]
  .rodata            const     0x802'e8f0      0x8  memp.o [1]
  .rodata            const     0x802'e8f8      0x8  net_service.o [1]
  .rodata            const     0x802'e900      0x8  os_core.o [1]
  .rodata            const     0x802'e908      0x8  os_sem.o [1]
  .rodata            const     0x802'e910      0x8  os_task.o [1]
[...]
set_heartbeat_zero       0x801'b375     0xa  Code  Gb  data_service.o [1]
set_id_cb                0x801'bb9f    0x3c  Code  Gb  data_service.o [1]
set_ip_cb                0x801'be59    0x2a  Code  Gb  data_service.o [1]
set_lwip_local_para      0x801'f4c7    0x52  Code  Gb  lwip.o [1]
set_lwip_remote_para     0x801'f495    0x32  Code  Gb  lwip.o [1]
set_report_cb            0x801'bbdb    0x98  Code  Gb  data_service.o [1]
set_report_cb::__func__
                         0x802'e01c    0x10  Data  Lc  data_service.o [1]
set_sensor               0x801'b60d   0x1e0  Code  Gb  data_service.o [1]
set_sensor_State         0x801'db3f    0x7c  Code  Gb  DA_service.o [1]
set_sensor_address_cb    0x801'c155    0x64  Code  Gb  data_service.o [1]
set_sensor_address_cb::__func__
                         0x802'd408    0x18  Data  Lc  data_service.o [1]
set_server_cb            0x801'bf59    0x2e  Code  Gb  data_service.o [1]
set_sys_sensor_State     0x801'dbbb    0xa0  Code  Gb  DA_service.o [1]
set_task_alive_state     0x801'cfe9    0x26  Code  Gb  supervision_service.o [1]
setup_tcp                0x802'454d    0x3a  Code  Lc  api_msg.o [1]
shell_clear_process      0x802'5d11    0x14  Code  Gb  shell_call.o [1]
shell_comm_process       0x802'76b7    0xa8  Code  Lc  service_shell.o [1]
shell_ctrl_process       0x802'68d5    0x62  Code  Gb  shell_call.o [1]
shell_event_process      0x802'678f   0x13e  Code  Gb  shell_call.o [1]
shell_hb_process         0x802'6959    0xa4  Code  Gb  shell_call.o [1]
shell_line_data_get      0x802'6d4f     0xc  Code  Gb  com_shell.o [1]
shell_line_get           0x802'6b15   0x1f0  Code  Gb  com_shell.o [1]
shell_log_process        0x802'5d25    0x38  Code  Gb  shell_call.o [1]
shell_mode              0x2000'd9ad     0x1  Data  Lc  com_shell.o [1]
shell_mode_get           0x802'6d91    0x1c  Code  Gb  com_shell.o [1]
shell_mode_set           0x802'6d77    0x1a  Code  Gb  com_shell.o [1]
shell_printf             0x802'6d05    0x4a  Code  Gb  com_shell.o [1]
shell_queue_init         0x802'6dad     0xa  Code  Gb  com_shell.o [1]
shell_set_process        0x802'5d65   0x792  Code  Gb  shell_call.o [1]
shell_set_process::__func__
                         0x802'dddc    0x14  Data  Lc  shell_call.o [1]
shell_show_process       0x802'66f1    0x9e  Code  Gb  shell_call.o [1]
shell_uart              0x2000'c940    0x84  Data  Lc  com_shell.o [1]
shell_uart_queue        0x2000'5134   0x408  Data  Lc  com_shell.o [1]
shell_uart_queue_get     0x802'6db7     0x4  Code  Gb  com_shell.o [1]
show_alarm               0x802'6677    0x2a  Code  Gb  shell_call.o [1]
show_devinfo             0x802'64f7    0x96  Code  Gb  shell_call.o [1]
show_devstatus           0x802'66a1    0x50  Code  Gb  shell_call.o [1]
show_heartbeat           0x802'658d    0x22  Code  Gb  shell_call.o [1]
show_ip                  0x802'65af    0x82  Code  Gb  shell_call.o [1]
show_subdev              0x802'6631    0x46  Code  Gb  shell_call.o [1]
software_versionInit     0x801'b37f    0xfc  Code  Gb  data_service.o [1]
software_versionInit::__func__
                         0x802'd3f0    0x18  Data  Lc  data_service.o [1]
start_DA_service         0x801'e511    0xe6  Code  Gb  DA_service.o [1]
start_data_service       0x801'b1c7    0xae  Code  Gb  data_service.o [1]
start_event_service      0x801'fae9    0xe6  Code  Gb  event_service.o [1]
start_heartbeat          0x801'e893    0x34  Code  Gb  heartbeat_service.o [1]
start_heartbeat::__func__
                         0x802'e11c    0x10  Data  Lc  heartbeat_service.o [1]
start_heartbeat_service
                         0x801'e959    0xaa  Code  Gb  heartbeat_service.o [1]
start_net_service        0x802'0cb3    0x98  Code  Gb  net_service.o [1]
start_register_service   0x801'fe69    0x90  Code  Gb  register_service.o [1]
start_supervision_service
                         0x801'd00f    0x92  Code  Gb  supervision_service.o [1]
start_tcp_service        0x801'f29f    0x78  Code  Gb  tcp_service.o [1]
start_udp_service        0x802'0e3d    0x74  Code  Gb  udp_service.o [1]
start_update_service     0x802'16f5    0xb0  Code  Gb  update_service.o [1]
stats_init               0x801'9b4d    0x14  Code  Gb  stats.o [1]
stk_shell               0x2000'853c   0x400  Data  Lc  service_shell.o [1]
strchr                   0x802'2055          Code  Gb  strchr.o [4]
strcmp                   0x801'9b39          Code  Gb  strcmp.o [4]
strcspn                  0x802'70a3    0x22  Code  Gb  strcspn.o [2]
string2Hexs              0x802'11e3    0x3c  Code  Gb  format.o [1]
stringData              0x2000'b3e8   0x100  Data  Gb  data_service.o [1]
strlen                   0x801'd8ad          Code  Gb  strlen.o [4]
strspn                   0x802'7081    0x22  Code  Gb  strspn.o [2]
strstr                   0x801'd87d    0x30  Code  Gb  strstr.o [2]
strtok                   0x802'6f29    0x4c  Code  Gb  strtok.o [2]
supervision_service      0x801'd1a5    0x24  Code  Lc  supervision_service.o [1]
supervision_service_q   0x2000'd3cc    0x30  Data  Lc  supervision_service.o [1]
supervision_service_stk
                        0x2000'ad94   0x200  Data  Lc  supervision_service.o [1]
supervision_service_tcb
                        0x2000'c440    0xc0  Data  Lc  supervision_service.o [1]
sys_arch_mbox_fetch      0x801'68a9    0x86  Code  Gb  sys_arch.o [1]
sys_arch_mbox_tryfetch   0x801'692f    0x12  Code  Gb  sys_arch.o [1]
sys_arch_sem_wait        0x801'69b3    0x74  Code  Gb  sys_arch.o [1]
sys_check_timeouts       0x801'4699    0x3e  Code  Gb  timeouts.o [1]
sys_init                 0x801'6aa9     0x2  Code  Gb  sys_arch.o [1]
sys_mbox_free            0x801'67f5    0x48  Code  Gb  sys_arch.o [1]
sys_mbox_new             0x801'67b1    0x44  Code  Gb  sys_arch.o [1]
sys_mbox_post            0x801'683d    0x38  Code  Gb  sys_arch.o [1]
sys_mbox_set_invalid     0x801'6963    0x16  Code  Gb  sys_arch.o [1]
sys_mbox_trypost         0x801'6875    0x34  Code  Gb  sys_arch.o [1]
sys_mbox_valid           0x801'6941    0x22  Code  Gb  sys_arch.o [1]
sys_mutex_lock           0x801'6ae1    0x2c  Code  Gb  sys_arch.o [1]
sys_mutex_new            0x801'6aab    0x36  Code  Gb  sys_arch.o [1]
sys_mutex_unlock         0x801'6b0d    0x26  Code  Gb  sys_arch.o [1]
sys_now                  0x800'f699     0x8  Code  Gb  ethernetif.o [1]
sys_sem_free             0x801'6a4d    0x24  Code  Gb  sys_arch.o [1]
sys_sem_new              0x801'6979    0x3a  Code  Gb  sys_arch.o [1]
sys_sem_set_invalid      0x801'6a93    0x16  Code  Gb  sys_arch.o [1]
sys_sem_signal           0x801'6a27    0x26  Code  Gb  sys_arch.o [1]
sys_sem_valid            0x801'6a71    0x22  Code  Gb  sys_arch.o [1]
sys_thread_new           0x801'6b33    0x68  Code  Gb  sys_arch.o [1]
sys_timeout              0x801'4625    0x30  Code  Gb  timeouts.o [1]
sys_timeout_abs          0x801'454b    0x82  Code  Lc  timeouts.o [1]
sys_timeouts_init        0x801'4607    0x1e  Code  Gb  timeouts.o [1]
sys_timeouts_sleeptime   0x801'46d7    0x44  Code  Gb  timeouts.o [1]
sys_untimeout            0x801'4655    0x44  Code  Gb  timeouts.o [1]
sysconfig               0x2000'cd9c    0x5c  Data  Gb  data_service.o [1]
sysconfig_edit           0x801'b2a7     0xc  Code  Gb  data_service.o [1]
sysconfig_save           0x801'b2b3     0xc  Code  Gb  data_service.o [1]
task_alive_list         0x2000'd68c    0x18  Data  Gb  supervision_service.o [1]
tcb_shell               0x2000'c380    0xc0  Data  Lc  service_shell.o [1]
tcp_abandon              0x800'cd2b   0x128  Code  Gb  tcp.o [1]
tcp_abort                0x800'ce53     0xe  Code  Gb  tcp.o [1]
tcp_accept               0x800'dcc1    0x10  Code  Gb  tcp.o [1]
tcp_active_pcbs         0x2000'd920     0x4  Data  Gb  tcp.o [1]
tcp_active_pcbs_changed
                        0x2000'd9c4     0x1  Data  Gb  tcp.o [1]
tcp_alloc                0x800'db15   0x126  Code  Gb  tcp.o [1]
tcp_arg                  0x800'dc47     0x8  Code  Gb  tcp.o [1]
tcp_backoff              0x802'e36c    0x10  Data  Lc  tcp.o [1]
tcp_bind                 0x800'ce61    0xec  Code  Gb  tcp.o [1]
tcp_bound_pcbs          0x2000'd918     0x4  Data  Gb  tcp.o [1]
tcp_build_wnd_scale_option
                         0x800'99ed    0x24  Code  Lc  tcp_out.o [1]
tcp_close                0x800'cc67    0x3a  Code  Gb  tcp.o [1]
tcp_close_shutdown       0x800'ca33   0x16a  Code  Lc  tcp.o [1]
tcp_close_shutdown_fin   0x800'cb9d    0xca  Code  Lc  tcp.o [1]
tcp_connect              0x800'd099   0x18e  Code  Gb  tcp.o [1]
tcp_create_segment       0x800'8953   0x14c  Code  Lc  tcp_out.o [1]
tcp_eff_send_mss_netif   0x800'dead    0x56  Code  Gb  tcp.o [1]
tcp_enqueue_flags        0x800'9841   0x1a6  Code  Gb  tcp_out.o [1]
tcp_err                  0x800'dc9b    0x26  Code  Gb  tcp.o [1]
tcp_fasttmr              0x800'd775    0x80  Code  Gb  tcp.o [1]
tcp_free                 0x800'c943    0x26  Code  Gb  tcp.o [1]
tcp_free_acked_segments
                         0x801'2261    0xbc  Code  Lc  tcp_in.o [1]
tcp_free_listen          0x800'c969    0x26  Code  Lc  tcp.o [1]
tcp_free_ooseq           0x800'e00d    0x1c  Code  Gb  tcp.o [1]
tcp_get_next_optbyte     0x801'2d81    0x3a  Code  Lc  tcp_in.o [1]
tcp_handle_closepend     0x800'dadd    0x2a  Code  Lc  tcp.o [1]
tcp_init                 0x800'c92d    0x16  Code  Gb  tcp.o [1]
tcp_input                0x801'11b1   0x788  Code  Gb  tcp_in.o [1]
tcp_input_delayed_close
                         0x801'1939    0x54  Code  Lc  tcp_in.o [1]
tcp_input_pcb           0x2000'd940     0x4  Data  Gb  tcp_in.o [1]
tcp_keepalive            0x800'a611    0x5a  Code  Gb  tcp_out.o [1]
tcp_kill_prio            0x800'd9bf    0x70  Code  Lc  tcp.o [1]
tcp_kill_state           0x800'da35    0x68  Code  Lc  tcp.o [1]
tcp_kill_timewait        0x800'daa1    0x36  Code  Lc  tcp.o [1]
tcp_listen_closed        0x800'c9e1    0x52  Code  Lc  tcp.o [1]
tcp_listen_input         0x801'198d   0x164  Code  Lc  tcp_in.o [1]
tcp_listen_pcbs         0x2000'd91c     0x4  Data  Gb  tcp.o [1]
tcp_netif_ip_addr_changed
                         0x800'df3b    0x4a  Code  Gb  tcp.o [1]
tcp_netif_ip_addr_changed_pcblist
                         0x800'df03    0x38  Code  Lc  tcp.o [1]
tcp_new_ip_type          0x800'dc3b     0xc  Code  Gb  tcp.o [1]
tcp_new_port             0x800'd037    0x62  Code  Lc  tcp.o [1]
tcp_next_iss             0x800'de7d    0x26  Code  Gb  tcp.o [1]
tcp_next_iss::iss       0x2000'0170     0x4  Data  Lc  tcp.o [1]
tcp_oos_insert_segment   0x801'21ad    0xa6  Code  Lc  tcp_in.o [1]
tcp_optidx              0x2000'd9a4     0x2  Data  Lc  tcp_in.o [1]
tcp_output               0x800'9a29   0x2de  Code  Gb  tcp_out.o [1]
tcp_output_alloc_header
                         0x800'a2f5    0x6e  Code  Lc  tcp_out.o [1]
tcp_output_alloc_header_common
                         0x800'a239    0xb6  Code  Lc  tcp_out.o [1]
tcp_output_control_segment
                         0x800'a3f9    0x9e  Code  Lc  tcp_out.o [1]
tcp_output_fill_options
                         0x800'a369    0x88  Code  Lc  tcp_out.o [1]
tcp_output_segment       0x800'9d4d   0x2ae  Code  Lc  tcp_out.o [1]
tcp_output_segment_busy
                         0x800'9d0d    0x2c  Code  Lc  tcp_out.o [1]
tcp_parseopt             0x801'2dd1   0x146  Code  Lc  tcp_in.o [1]
tcp_pbuf_prealloc        0x800'8a9f    0xd4  Code  Lc  tcp_out.o [1]
tcp_pcb_lists            0x802'e37c    0x10  Data  Gb  tcp.o [1]
tcp_pcb_purge            0x800'dd19    0x7e  Code  Gb  tcp.o [1]
tcp_pcb_remove           0x800'ddb5    0xc8  Code  Gb  tcp.o [1]
tcp_persist_backoff      0x802'e9d8     0x8  Data  Lc  tcp.o [1]
tcp_poll                 0x800'dcd1    0x38  Code  Gb  tcp.o [1]
tcp_port                0x2000'01c6     0x2  Data  Lc  tcp.o [1]
tcp_process              0x801'1be1   0x5c2  Code  Lc  tcp_in.o [1]
tcp_process_refused_data
                         0x800'd801    0xee  Code  Gb  tcp.o [1]
tcp_receive              0x801'235d   0xa24  Code  Lc  tcp_in.o [1]
tcp_recv                 0x800'dc4f    0x26  Code  Gb  tcp.o [1]
tcp_recv_null            0x800'd96f    0x50  Code  Gb  tcp.o [1]
tcp_recved               0x800'cfaf    0x88  Code  Gb  tcp.o [1]
tcp_remove_listener      0x800'c9ab    0x36  Code  Lc  tcp.o [1]
tcp_rexmit               0x800'a121    0xa4  Code  Gb  tcp_out.o [1]
tcp_rexmit_fast          0x800'a1c5    0x70  Code  Gb  tcp_out.o [1]
tcp_rexmit_rto           0x800'a0e9    0x2c  Code  Gb  tcp_out.o [1]
tcp_rexmit_rto_commit    0x800'a0ad    0x32  Code  Gb  tcp_out.o [1]
tcp_rexmit_rto_prepare   0x800'a001    0xa8  Code  Gb  tcp_out.o [1]
tcp_route                0x800'8931    0x22  Code  Lc  tcp_out.o [1]
tcp_rst                  0x800'a4a5    0x9c  Code  Gb  tcp_out.o [1]
tcp_seg_add_chksum       0x800'8b73    0x2a  Code  Lc  tcp_out.o [1]
tcp_seg_copy             0x800'd923    0x4a  Code  Gb  tcp.o [1]
tcp_seg_free             0x800'd905    0x1e  Code  Gb  tcp.o [1]
tcp_segs_free            0x800'd8ef    0x16  Code  Gb  tcp.o [1]
tcp_send_empty_ack       0x800'a551    0xbc  Code  Gb  tcp_out.o [1]
tcp_send_fin             0x800'97c9    0x62  Code  Gb  tcp_out.o [1]
tcp_sent                 0x800'dc75    0x26  Code  Gb  tcp.o [1]
tcp_service              0x801'f319    0xc0  Code  Lc  tcp_service.o [1]
tcp_service::__func__    0x802'e830     0xc  Data  Lc  tcp_service.o [1]
tcp_service_q           0x2000'd42c    0x30  Data  Lc  tcp_service.o [1]
tcp_service_stk         0x2000'893c   0x400  Data  Lc  tcp_service.o [1]
tcp_service_tcb         0x2000'c5c0    0xc0  Data  Lc  tcp_service.o [1]
tcp_shutdown             0x800'cca1    0x8a  Code  Gb  tcp.o [1]
tcp_slowtmr              0x800'd285   0x4f0  Code  Gb  tcp.o [1]
tcp_split_unsent_seg     0x800'94b5   0x310  Code  Gb  tcp_out.o [1]
tcp_stream_handler       0x801'f065   0x23a  Code  Lc  tcp_service.o [1]
tcp_stream_handler::__func__
                         0x802'df1c    0x14  Data  Lc  tcp_service.o [1]
tcp_ticks               0x2000'd914     0x4  Data  Gb  tcp.o [1]
tcp_timer               0x2000'd9c5     0x1  Data  Lc  tcp.o [1]
tcp_timer_ctr           0x2000'd9c6     0x1  Data  Lc  tcp.o [1]
tcp_timer_needed         0x801'4521    0x2a  Code  Gb  timeouts.o [1]
tcp_timewait_input       0x801'1af1    0x96  Code  Lc  tcp_in.o [1]
tcp_tmr                  0x800'c98f    0x1c  Code  Gb  tcp.o [1]
tcp_trigger_input_pcb_close
                         0x801'2f17     0xc  Code  Gb  tcp_in.o [1]
tcp_tw_pcbs             0x2000'd924     0x4  Data  Gb  tcp.o [1]
tcp_update_rcv_ann_wnd   0x800'cf4d    0x62  Code  Gb  tcp.o [1]
tcp_write                0x800'8c73   0x818  Code  Gb  tcp_out.o [1]
tcp_write_checks         0x800'8b9d    0xd6  Code  Lc  tcp_out.o [1]
tcp_zero_window_probe    0x800'a675    0xfe  Code  Gb  tcp_out.o [1]
tcpconn                 0x2000'd944     0x4  Data  Gb  tcp_service.o [1]
tcphdr                  0x2000'd928     0x4  Data  Lc  tcp_in.o [1]
tcphdr_opt1len          0x2000'd9a2     0x2  Data  Lc  tcp_in.o [1]
tcphdr_opt2             0x2000'd92c     0x4  Data  Lc  tcp_in.o [1]
tcphdr_optlen           0x2000'd9a0     0x2  Data  Lc  tcp_in.o [1]
tcpip_init               0x801'05c7    0x40  Code  Gb  tcpip.o [1]
tcpip_init_done         0x2000'd94c     0x4  Data  Lc  tcpip.o [1]
tcpip_init_done_arg     0x2000'd950     0x4  Data  Lc  tcpip.o [1]
tcpip_inpkt              0x801'0485    0x66  Code  Gb  tcpip.o [1]
tcpip_input              0x801'04eb    0x28  Code  Gb  tcpip.o [1]
tcpip_mbox              0x2000'd45c    0x30  Data  Lc  tcpip.o [1]
tcpip_send_msg_wait_sem
                         0x801'056b    0x5c  Code  Gb  tcpip.o [1]
tcpip_tcp_timer          0x801'44f5    0x2c  Code  Lc  timeouts.o [1]
tcpip_tcp_timer_active  0x2000'd95c     0x4  Data  Lc  timeouts.o [1]
tcpip_thread             0x801'039b    0x44  Code  Lc  tcpip.o [1]
tcpip_thread_handle_msg
                         0x801'03df    0xa6  Code  Lc  tcpip.o [1]
tcpip_timeouts_mbox_fetch
                         0x801'0359    0x42  Code  Lc  tcpip.o [1]
tcpip_try_callback       0x801'0513    0x58  Code  Gb  tcpip.o [1]
tcplen                  0x2000'd9a6     0x2  Data  Lc  tcp_in.o [1]
temp_buf                0x2000'cbc8    0x80  Data  Lc  sds.o [1]
tolower                  0x802'7013    0x14  Code  Gb  tolower.o [2]
uart_pkt_handler         0x802'75bd    0xfa  Code  Gb  service_shell.o [1]
udp_bind                 0x800'f1b7    0xc8  Code  Gb  udp.o [1]
udp_connect              0x800'f27f    0x88  Code  Gb  udp.o [1]
udp_data_send            0x802'0eb1    0x6e  Code  Gb  udp_service.o [1]
udp_data_send::__func__
                         0x802'e46c    0x10  Data  Lc  udp_service.o [1]
udp_init                 0x800'e9a9    0x16  Code  Gb  udp.o [1]
udp_input                0x800'eaaf   0x28c  Code  Gb  udp.o [1]
udp_input_local_match    0x800'ea0d    0xa2  Code  Lc  udp.o [1]
udp_netif_ip_addr_changed
                         0x800'f3b3    0x34  Code  Gb  udp.o [1]
udp_new                  0x800'f381    0x28  Code  Gb  udp.o [1]
udp_new_ip_type          0x800'f3a9     0xa  Code  Gb  udp.o [1]
udp_new_port             0x800'e9bf    0x4e  Code  Lc  udp.o [1]
udp_pcbs                0x2000'd960     0x4  Data  Gb  udp.o [1]
udp_port                0x2000'01c8     0x2  Data  Lc  udp.o [1]
udp_recive               0x802'0f1f    0xa8  Code  Gb  udp_service.o [1]
udp_recive::__func__     0x802'e848     0xc  Data  Lc  udp_service.o [1]
udp_recv                 0x800'f307    0x22  Code  Gb  udp.o [1]
udp_remove               0x800'f329    0x50  Code  Gb  udp.o [1]
udp_send_chksum          0x800'ed3b    0x60  Code  Gb  udp.o [1]
udp_sendto_chksum        0x800'ed9b    0xfc  Code  Gb  udp.o [1]
udp_sendto_if_chksum     0x800'ee97    0xe0  Code  Gb  udp.o [1]
udp_sendto_if_src_chksum
                         0x800'ef77   0x240  Code  Gb  udp.o [1]
udp_service              0x802'1069    0x3c  Code  Lc  udp_service.o [1]
udp_service_init         0x802'0fc7    0x76  Code  Gb  udp_service.o [1]
udp_service_q           0x2000'd48c    0x30  Data  Lc  udp_service.o [1]
udp_service_stk         0x2000'913c   0x400  Data  Lc  udp_service.o [1]
udp_service_tcb         0x2000'c680    0xc0  Data  Lc  udp_service.o [1]
udpconn                 0x2000'd964     0x4  Data  Gb  udp_service.o [1]
update_data_q           0x2000'd4ec    0x30  Data  Lc  update_service.o [1]
update_service           0x802'1e09    0x28  Code  Lc  update_service.o [1]
update_service_q        0x2000'd4bc    0x30  Data  Lc  update_service.o [1]
update_service_stk      0x2000'953c   0x400  Data  Lc  update_service.o [1]
update_service_tcb      0x2000'c740    0xc0  Data  Lc  update_service.o [1]
upgrade_cb               0x801'bdc9    0x90  Code  Gb  data_service.o [1]
upgrade_cb::__func__     0x802'e554     0xc  Data  Lc  data_service.o [1]
upgrade_data_handler     0x802'1911   0x224  Code  Gb  update_service.o [1]
upgrade_data_handler::__func__
                         0x802'd9d8    0x18  Data  Lc  update_service.o [1]
upgrade_handler          0x802'1b69   0x156  Code  Gb  update_service.o [1]
upgrade_handler::__func__
                         0x802'e4bc    0x10  Data  Lc  update_service.o [1]
upgrade_software_version
                        0x2000'd808     0x4  Data  Lc  data_service.o [1]
upindex                 0x2000'd7f0     0x8  Data  Lc  update_service.o [1]
uwTick                  0x2000'd910     0x4  Data  Gb  stm32f1xx_hal.o [1]
uwTickFreq              0x2000'01cc     0x1  Data  Gb  stm32f1xx_hal.o [1]
wait_event_ack           0x801'f7c3    0x76  Code  Lc  event_service.o [1]
wait_event_ack::__func__
                         0x802'e0ec    0x10  Data  Lc  event_service.o [1]
wait_modbus_ack          0x801'e17f    0x90  Code  Lc  DA_service.o [1]


[1] = E:\EnvMon\SOA_bin\APP\Project\Debug\Obj
[2] = dl7M_tlf.a
[3] = m7M_tl.a
[4] = rt7M_tl.a
[5] = shb_l.a

  127 200 bytes of readonly  code memory
   29 543 bytes of readonly  data memory
   57 800 bytes of readwrite data memory

Errors: none
Warnings: none
